bench-hist/HEAD/ghcide --lsp --cwd bench/example/Cabal-3.0.0.0 +RTS -I0 -qg -A128M -Scode_actions.benchmark-gcStats -I0.5 
    Alloc    Copied     Live     GC     GC      TOT      TOT  Page Flts
    bytes     bytes     bytes   user   elap     user     elap
1068869104       120  18292136  0.033  0.033    0.660    5.117    0    0  (Gen:  0)
1045368008     13200  26092208  0.042  0.042    1.169    5.379    0    0  (Gen:  1)
1044539760  13006728  27253464  0.012  0.012    1.729    5.476    0    0  (Gen:  0)
1045552352  13006944  28461904  0.027  0.027    2.310    5.585    0    0  (Gen:  1)
1048418832  13006912  29907336  0.005  0.005    2.882    5.674    0    0  (Gen:  0)
1044824592  13007120  31278488  0.005  0.005    3.449    5.764    0    0  (Gen:  0)
1049260208  13006624  32668840  0.005  0.005    4.022    5.854    0    0  (Gen:  0)
1051937368  13020088  35344072  0.007  0.007    4.593    5.947    0    0  (Gen:  0)
1058003048  13006888  36952680  0.006  0.006    5.185    6.042    0    0  (Gen:  0)
1048085088   2923096  38500856  0.006  0.005    5.777    6.136    0    0  (Gen:  0)
1048224264   2931248  41530448  0.006  0.006    6.382    6.228    0    0  (Gen:  0)
1052711848   2923264  42938216  0.006  0.006    6.976    6.319    0    0  (Gen:  0)
1055694304   2923920  43990064  0.006  0.006    7.565    6.415    0    0  (Gen:  0)
1054390400   2923360  44577024  0.006  0.006    8.161    6.507    0    0  (Gen:  0)
1048204832   2923264  45946176  0.005  0.005    8.746    6.597    0    0  (Gen:  0)
1051122360   2924336  47476616  0.007  0.007    9.326    6.696    0    0  (Gen:  0)
1056323352   2923424  49756952  0.006  0.006    9.913    6.791    0    0  (Gen:  0)
1051171000   2923360  51583744  0.006  0.006   10.513    6.883    0    0  (Gen:  0)
1050324232   2923896  53796672  0.007  0.007   11.091    6.986    0    0  (Gen:  0)
1050355304   2941496  55000216  0.057  0.057   11.752    7.131    0    0  (Gen:  1)
1052229080   6055672  56147768  0.008  0.008   12.332    7.231    0    0  (Gen:  0)
1049734624   6055792  59366464  0.006  0.006   12.929    7.323    0    0  (Gen:  0)
1054023224   6064288  62814368  0.008  0.008   13.526    7.417    0    0  (Gen:  0)
1053793832   6070232  65810808  0.009  0.009   14.131    7.513    0    0  (Gen:  0)
1051462240   6056928  68001080  0.010  0.010   14.727    7.615    0    0  (Gen:  0)
1050943408   6056752  70482208  0.009  0.009   15.319    7.718    0    0  (Gen:  0)
1053654488   6056152  72686344  0.010  0.010   15.883    7.826    0    0  (Gen:  0)
1051497280   6078288  82843296  0.014  0.014   16.508    7.936    0    0  (Gen:  0)
1052834656   6060432  85523928  0.011  0.011   17.114    8.037    0    0  (Gen:  0)
1048729072   6056504  88653752  0.008  0.008   17.706    8.133    0    0  (Gen:  0)
1048426608   6056152  92694392  0.007  0.007   18.304    8.229    0    0  (Gen:  0)
1053715936   6057928  99515520  0.019  0.019   18.951    8.362    0    0  (Gen:  0)
1049904528   6060680  88886528  0.090  0.090   19.618    8.553    0    0  (Gen:  1)
1051348424   6079816  98720480  0.022  0.022   20.274    8.716    0    0  (Gen:  0)
1061635672   6093008 127246456  0.042  0.042   20.984    8.880    0    0  (Gen:  0)
1048501464   6065536 137712536  0.034  0.034   21.677    9.035    0    0  (Gen:  0)
1065974496   6092800 172596936  0.065  0.065   23.639    9.690    0    0  (Gen:  0)
1060516624   6083944 221568520  0.122  0.122   25.299   10.541    0    0  (Gen:  0)
1063780760   6055440 210491024  0.224  0.224   26.601   11.114    0    0  (Gen:  1)
1050828440   6055800 211286624  0.037  0.037   27.258   11.265    0    0  (Gen:  0)
1051295472   6055512 212718856  0.028  0.028   27.926   11.407    0    0  (Gen:  0)
1051056728   6055552 211439688  0.027  0.027   28.594   11.545    0    0  (Gen:  0)
1054787512  17379120 212903672  0.029  0.029   29.245   11.686    0    0  (Gen:  0)
1051578096  17379144 211791744  0.025  0.025   29.839   11.823    0    0  (Gen:  0)
1046742064  17379112 210373304  0.023  0.023   30.453   11.960    0    0  (Gen:  0)
1042701008  17379072 211021640  0.024  0.024   31.040   12.096    0    0  (Gen:  0)
1050404392  17379104 209803832  0.023  0.023   31.639   12.234    0    0  (Gen:  0)
1043386984  17379064 210609872  0.023  0.023   32.239   12.369    0    0  (Gen:  0)
932853912 178424040 221520464  0.196  0.196   32.986   13.468    0    0  (Gen:  1)
   168456 178389144  18406728  0.052  0.052   33.043   13.918    0    0  (Gen:  1)
     1152                      0.000  0.000

  51,421,890,888 bytes allocated in the heap
     717,770,296 bytes copied during GC
     221,520,464 bytes maximum residency (7 sample(s))
       5,008,816 bytes maximum slop
             211 MB total memory in use (0 MB lost due to fragmentation)

                                     Tot time (elapsed)  Avg pause  Max pause
  Gen  0        43 colls,     0 par    0.777s   0.775s     0.0180s    0.1216s
  Gen  1         7 colls,     0 par    0.690s   0.689s     0.0984s    0.2241s

  TASKS: 35 (1 bound, 33 peak workers (34 total), using -N8)

  SPARKS: 0(0 converted, 0 overflowed, 0 dud, 0 GC'd, 0 fizzled)

  INIT    time    0.002s  (  0.002s elapsed)
  MUT     time   31.573s  ( 12.452s elapsed)
  GC      time    1.466s  (  1.464s elapsed)
  EXIT    time    0.004s  (  0.004s elapsed)
  Total   time   33.046s  ( 13.922s elapsed)

  Alloc rate    1,628,668,436 bytes per MUT second

  Productivity  95.5% of total user, 89.4% of total elapsed

