bench-hist/HEAD/ghcide --lsp --cwd bench/example/Cabal-3.0.0.0 +RTS -I0 -qg -A128M -Scode_actions_after_edit.benchmark-gcStats -I0.5 
    Alloc    Copied     Live     GC     GC      TOT      TOT  Page Flts
    bytes     bytes     bytes   user   elap     user     elap
1066541552       120  18288472  0.037  0.037    0.709    5.367    0    0  (Gen:  0)
1054385560     13048  26060568  0.044  0.044    1.216    5.640    0    0  (Gen:  1)
1055280000      3776  27428264  0.013  0.013    1.777    5.741    0    0  (Gen:  0)
1055957232      3592  28544224  0.030  0.030    2.377    5.857    0    0  (Gen:  1)
1044052816      3088  29889184  0.005  0.005    2.974    5.948    0    0  (Gen:  0)
1056805144      3168  31449520  0.005  0.005    3.567    6.042    0    0  (Gen:  0)
1047166288   2474696  33302816  0.005  0.005    4.149    6.135    0    0  (Gen:  0)
1057136088   2474664  33869784  0.005  0.005    4.746    6.226    0    0  (Gen:  0)
1047525544   2957016  35624864  0.006  0.006    5.318    6.326    0    0  (Gen:  0)
1051273680   2956872  37004056  0.005  0.005    5.913    6.418    0    0  (Gen:  0)
1052132952   2956856  38474248  0.005  0.005    6.518    6.509    0    0  (Gen:  0)
1048064048   2774672  40007096  0.005  0.005    7.101    6.603    0    0  (Gen:  0)
1052483520   2774032  41501240  0.005  0.005    7.675    6.701    0    0  (Gen:  0)
1045961504   2773352  42941920  0.005  0.005    8.268    6.799    0    0  (Gen:  0)
1051245280   2805544  43575240  0.005  0.005    8.869    6.891    0    0  (Gen:  0)
1049714040   2806264  45848480  0.005  0.005    9.460    6.983    0    0  (Gen:  0)
1053241464   2805968  47163400  0.005  0.005   10.048    7.082    0    0  (Gen:  0)
1047941736   2805912  48624464  0.005  0.005   10.649    7.176    0    0  (Gen:  0)
1048043056   2806776  50082576  0.005  0.005   11.239    7.274    0    0  (Gen:  0)
1050526208   2806272  50972744  0.005  0.005   11.836    7.371    0    0  (Gen:  0)
1049927568   2806040  52941384  0.005  0.005   12.425    7.468    0    0  (Gen:  0)
1052874624   2805800  52412040  0.054  0.054   13.073    7.613    0    0  (Gen:  1)
1049436760   2805792  54749024  0.005  0.005   13.673    7.705    0    0  (Gen:  0)
1046413384   2805712  55419392  0.005  0.005   14.279    7.798    0    0  (Gen:  0)
1047376288   2806032  56685392  0.005  0.005   14.865    7.891    0    0  (Gen:  0)
1046167432   2807824  59989576  0.007  0.007   15.444    7.993    0    0  (Gen:  0)
1052004352   2842768  84441832  0.034  0.034   16.195    8.171    0    0  (Gen:  0)
1055670512   2805952  84879296  0.019  0.019   16.806    8.285    0    0  (Gen:  0)
1048353048   2806504  87181720  0.007  0.007   17.416    8.384    0    0  (Gen:  0)
1049585640   2809144  90138152  0.010  0.010   18.048    8.501    0    0  (Gen:  0)
1048509872   2807400  94826712  0.008  0.008   18.683    8.614    0    0  (Gen:  0)
1048615080   5013840  97944136  0.009  0.009   19.299    8.723    0    0  (Gen:  0)
1050464232   5017088 101292544  0.008  0.008   19.885    8.823    0    0  (Gen:  0)
1060467736   5048408 130065464  0.043  0.043   20.611    8.978    0    0  (Gen:  0)
1054760576   5026168 117665024  0.127  0.126   21.414    9.243    0    0  (Gen:  1)
1050828456   5026424 133033760  0.036  0.036   22.185    9.448    0    0  (Gen:  0)
1067242568   5051120 163892568  0.060  0.060   23.829    9.973    0    0  (Gen:  0)
1056784992   5037416 215210544  0.107  0.107   25.173   10.714    0    0  (Gen:  0)
1058677128   5011032 239954376  0.095  0.095   26.235   11.139    0    0  (Gen:  0)
1051998616   5012016 244862096  0.040  0.040   26.833   11.289    0    0  (Gen:  0)
1059061912 177270848 209990384  0.211  0.211   27.654   11.611    0    0  (Gen:  1)
1053453704 177271456 208725984  0.026  0.026   28.287   11.748    0    0  (Gen:  0)
1054542096 177271344 210347640  0.029  0.029   28.928   11.890    0    0  (Gen:  0)
1056954912 177271360 209422848  0.027  0.027   29.577   12.031    0    0  (Gen:  0)
1053467872 177271328 210836704  0.030  0.030   30.204   12.172    0    0  (Gen:  0)
1055424296  16646704 209661832  0.028  0.028   30.829   12.311    0    0  (Gen:  0)
1047823584  16646736 208515656  0.024  0.024   31.423   12.449    0    0  (Gen:  0)
1047180184  16646704 207001256  0.022  0.022   32.012   12.584    0    0  (Gen:  0)
1110037992  37176256 242353096  0.063  0.063   32.777   13.050    0    0  (Gen:  0)
1133340232  34527088 239860472  0.040  0.040   33.672   13.687    0    0  (Gen:  0)
1134727728  34527152 238597640  0.020  0.020   34.528   14.316    0    0  (Gen:  0)
1150412096  34527200 239937472  0.021  0.021   35.435   14.974    0    0  (Gen:  0)
1139714752  34527240 241008456  0.023  0.023   36.315   15.602    0    0  (Gen:  0)
1138969880  34527256 243175120  0.029  0.029   37.267   16.282    0    0  (Gen:  0)
1128652792  34527304 240736584  0.024  0.023   38.191   16.932    0    0  (Gen:  0)
1152623896   9750816 240214872  0.022  0.022   39.067   17.570    0    0  (Gen:  0)
1135093328   9750848 241693512  0.024  0.024   39.898   18.174    0    0  (Gen:  0)
1133233848   9750840 244416184  0.030  0.030   40.797   18.818    0    0  (Gen:  0)
1124880160   9750856 240600672  0.021  0.021   41.614   19.406    0    0  (Gen:  0)
1151593312   9797064 240287304  0.022  0.022   42.471   20.029    0    0  (Gen:  0)
1131895000   9797072 241350720  0.024  0.024   43.318   20.640    0    0  (Gen:  0)
1136443224   9797088 244189528  0.030  0.030   44.200   21.283    0    0  (Gen:  0)
1136024992   9797136 240491096  0.022  0.022   45.026   21.879    0    0  (Gen:  0)
1153775592   9797200 240677480  0.023  0.023   45.886   22.504    0    0  (Gen:  0)
1134432960   9797216 241596368  0.023  0.023   46.750   23.116    0    0  (Gen:  0)
1123477936   9797296 238927824  0.019  0.019   47.594   23.730    0    0  (Gen:  0)
1139446752   9797368 240502136  0.022  0.022   48.426   24.334    0    0  (Gen:  0)
1140068528   9797400 240970120  0.022  0.022   49.266   24.948    0    0  (Gen:  0)
1135906456   9797440 242313112  0.025  0.025   50.149   25.569    0    0  (Gen:  0)
1132771248   9797496 240009616  0.020  0.020   50.992   26.185    0    0  (Gen:  0)
1155227504   9797552 240594104  0.021  0.021   51.847   26.804    0    0  (Gen:  0)
1135548696   9797568 241674176  0.022  0.022   52.674   27.405    0    0  (Gen:  0)
1130242688   9797624 244132944  0.029  0.029   53.571   28.043    0    0  (Gen:  0)
1130110456   9797648 241523240  0.023  0.023   54.406   28.643    0    0  (Gen:  0)
1157366016   9797704 240824472  0.022  0.022   55.268   29.273    0    0  (Gen:  0)
1131257104   9797736 241745800  0.024  0.024   56.105   29.881    0    0  (Gen:  0)
1133444768  13806456 244898312  0.030  0.030   57.005   30.524    0    0  (Gen:  0)
1130378296  13806488 240785064  0.021  0.021   57.834   31.121    0    0  (Gen:  0)
979847320 175959288 216913976  0.195  0.195   58.785   32.416    0    0  (Gen:  1)
   135584  12022224  18376056  0.022  0.022   58.810   32.782    0    0  (Gen:  1)
     1352                      0.000  0.000

  85,590,627,624 bytes allocated in the heap
   1,716,947,568 bytes copied during GC
     216,913,976 bytes maximum residency (7 sample(s))
       3,880,904 bytes maximum slop
             206 MB total memory in use (0 MB lost due to fragmentation)

                                     Tot time (elapsed)  Avg pause  Max pause
  Gen  0        73 colls,     0 par    1.581s   1.579s     0.0216s    0.1070s
  Gen  1         7 colls,     0 par    0.681s   0.681s     0.0972s    0.2108s

  TASKS: 36 (1 bound, 35 peak workers (35 total), using -N8)

  SPARKS: 0(0 converted, 0 overflowed, 0 dud, 0 GC'd, 0 fizzled)

  INIT    time    0.002s  (  0.002s elapsed)
  MUT     time   56.544s  ( 30.521s elapsed)
  GC      time    2.263s  (  2.260s elapsed)
  EXIT    time    0.004s  (  0.010s elapsed)
  Total   time   58.812s  ( 32.792s elapsed)

  Alloc rate    1,513,687,470 bytes per MUT second

  Productivity  96.1% of total user, 93.1% of total elapsed

