bench-hist/HEAD/ghcide --lsp --cwd bench/example/Cabal-3.0.0.0 +RTS -I0 -qg -A128M -Scompletions_after_edit.benchmark-gcStats -I0.5 
    Alloc    Copied     Live     GC     GC      TOT      TOT  Page Flts
    bytes     bytes     bytes   user   elap     user     elap
1063457320  16845888  18278848  0.034  0.034    0.655    5.224    0    0  (Gen:  0)
1052092096  16858648  26048432  0.043  0.043    1.157    5.489    0    0  (Gen:  1)
1045361280  16849096  27205080  0.012  0.012    1.717    5.587    0    0  (Gen:  0)
1047175752  16849184  28367424  0.027  0.027    2.285    5.700    0    0  (Gen:  1)
1047612888  16849232  29693984  0.005  0.005    2.851    5.787    0    0  (Gen:  0)
1049200512   2774600  31351264  0.005  0.005    3.401    5.881    0    0  (Gen:  0)
1045330976   2774576  33372704  0.005  0.005    3.955    5.972    0    0  (Gen:  0)
1050217832   7307768  39834616  0.012  0.012    4.565    6.070    0    0  (Gen:  0)
1047409264   7281952  41361440  0.010  0.010    5.128    6.164    0    0  (Gen:  0)
1055521728   7282616  44362272  0.005  0.005    5.697    6.256    0    0  (Gen:  0)
1051456264   7281736  43379080  0.005  0.005    6.262    6.347    0    0  (Gen:  0)
1054392648   7281880  45433104  0.005  0.005    6.842    6.437    0    0  (Gen:  0)
1048846136   7281952  46625816  0.005  0.005    7.414    6.529    0    0  (Gen:  0)
1055376480   7282376  48186064  0.005  0.005    7.987    6.624    0    0  (Gen:  0)
1049204272   7294440  52754064  0.008  0.008    8.580    6.718    0    0  (Gen:  0)
1052690608   7287632  55930968  0.008  0.008    9.160    6.814    0    0  (Gen:  0)
1046988800   7282128  53193824  0.053  0.053    9.790    6.951    0    0  (Gen:  1)
1049555752   7281768  54824824  0.005  0.005   10.357    7.042    0    0  (Gen:  0)
1047872864   7285848  56619648  0.005  0.005   10.934    7.131    0    0  (Gen:  0)
1050645360   7286320  58783240  0.007  0.007   11.505    7.226    0    0  (Gen:  0)
1050822696   7295688  62631736  0.009  0.008   12.077    7.322    0    0  (Gen:  0)
1051247592   7293432  68199480  0.010  0.010   12.664    7.419    0    0  (Gen:  0)
1043710952   7292304  71643520  0.009  0.009   13.234    7.518    0    0  (Gen:  0)
1050849416   5201384  72007560  0.008  0.008   13.798    7.624    0    0  (Gen:  0)
1047235320   5203024  74719512  0.007  0.007   14.381    7.719    0    0  (Gen:  0)
1050890224   5201288  75406488  0.006  0.006   14.954    7.814    0    0  (Gen:  0)
1047756360   5218200  84253312  0.012  0.012   15.558    7.914    0    0  (Gen:  0)
1050206456   5199664  84998488  0.009  0.009   16.148    8.007    0    0  (Gen:  0)
1051318216   5201408  89078360  0.010  0.010   16.740    8.106    0    0  (Gen:  0)
1054115704   5200016  91819640  0.007  0.007   17.335    8.200    0    0  (Gen:  0)
1045226680   5201016  95637384  0.011  0.011   17.923    8.307    0    0  (Gen:  0)
1047256792   4826000  99149672  0.009  0.009   18.501    8.408    0    0  (Gen:  0)
1051498704   4847648 113135464  0.025  0.025   19.152    8.543    0    0  (Gen:  0)
1061416792   4850200 120250296  0.122  0.122   19.908    8.772    0    0  (Gen:  1)
1057647568   4822112 122481384  0.018  0.018   20.522    8.878    0    0  (Gen:  0)
1047277752   4833488 133852168  0.028  0.028   21.224    9.063    0    0  (Gen:  0)
1058127728   4859696 172953888  0.064  0.064   22.991    9.646    0    0  (Gen:  0)
1059581064  81750592 220376784  0.117  0.117   24.462   10.400    0    0  (Gen:  0)
1073358112  81722320 246443400  0.093  0.093   25.448   10.813    0    0  (Gen:  0)
1077463000  81727056 197860920  0.193  0.192   26.256   11.118    0    0  (Gen:  1)
1041582128  81719920 200801368  0.013  0.013   26.926   11.452    0    0  (Gen:  0)
1043640424  81720000 202610192  0.007  0.007   27.615   11.783    0    0  (Gen:  0)
1041723840  81720048 203559584  0.006  0.006   28.299   12.117    0    0  (Gen:  0)
1050075216  81720072 206540936  0.007  0.007   28.957   12.439    0    0  (Gen:  0)
1036194912  81720072 206980432  0.005  0.005   29.626   12.773    0    0  (Gen:  0)
1047616520  81720088 210257280  0.007  0.007   30.282   13.095    0    0  (Gen:  0)
1048497584  81720056 211077032  0.005  0.005   30.979   13.439    0    0  (Gen:  0)
1041342432  81720104 213482184  0.006  0.006   31.680   13.777    0    0  (Gen:  0)
1044050016   6122496 217349648  0.008  0.007   32.368   14.108    0    0  (Gen:  0)
1045450496   4537288 217862080  0.005  0.005   33.055   14.446    0    0  (Gen:  0)
1042295080   4537312 219990664  0.006  0.006   33.736   14.773    0    0  (Gen:  0)
1042768416   4537320 222722128  0.007  0.007   34.438   15.117    0    0  (Gen:  0)
1050946864   4537288 225136416  0.008  0.008   35.103   15.443    0    0  (Gen:  0)
1054332408   4540984 255510576  0.063  0.063   36.249   16.102    0    0  (Gen:  0)
1049426968   4538176 255384600  0.040  0.040   36.869   16.256    0    0  (Gen:  0)
1048597352  13942160 253871712  0.022  0.022   37.482   16.394    0    0  (Gen:  0)
1043200864  13942128 254755712  0.024  0.024   38.069   16.530    0    0  (Gen:  0)
272617840  10647768  16385352  0.021  0.021   38.262   16.577    0    0  (Gen:  1)
     1152                      0.000  0.000

  60,131,776,472 bytes allocated in the heap
   1,247,909,456 bytes copied during GC
     197,860,920 bytes maximum residency (6 sample(s))
       3,744,200 bytes maximum slop
             188 MB total memory in use (0 MB lost due to fragmentation)

                                     Tot time (elapsed)  Avg pause  Max pause
  Gen  0        52 colls,     0 par    0.830s   0.829s     0.0159s    0.1169s
  Gen  1         6 colls,     0 par    0.458s   0.458s     0.0763s    0.1924s

  TASKS: 33 (1 bound, 32 peak workers (32 total), using -N8)

  SPARKS: 0(0 converted, 0 overflowed, 0 dud, 0 GC'd, 0 fizzled)

  INIT    time    0.002s  (  0.002s elapsed)
  MUT     time   36.968s  ( 15.289s elapsed)
  GC      time    1.288s  (  1.287s elapsed)
  EXIT    time    0.006s  (  0.005s elapsed)
  Total   time   38.264s  ( 16.581s elapsed)

  Alloc rate    1,626,596,808 bytes per MUT second

  Productivity  96.6% of total user, 92.2% of total elapsed

