bench-hist/HEAD/ghcide --lsp --cwd bench/example/Cabal-3.0.0.0 +RTS -I0 -qg -A128M -SdocumentSymbols_after_edit.benchmark-gcStats -I0.5 
    Alloc    Copied     Live     GC     GC      TOT      TOT  Page Flts
    bytes     bytes     bytes   user   elap     user     elap
1065289440       120  18281288  0.034  0.034    0.656    5.096    0    0  (Gen:  0)
1050264344     12992  26018888  0.042  0.042    1.151    5.357    0    0  (Gen:  1)
1049463744      3104  27185600  0.012  0.012    1.704    5.456    0    0  (Gen:  0)
1047808672      5232  28493296  0.029  0.029    2.277    5.573    0    0  (Gen:  1)
1056215312      3256  30045752  0.005  0.005    2.865    5.668    0    0  (Gen:  0)
1055851568      3240  31437320  0.005  0.005    3.441    5.769    0    0  (Gen:  0)
1053654432      3632  32764968  0.005  0.005    4.025    5.867    0    0  (Gen:  0)
1054393032      3616  34653360  0.006  0.006    4.634    5.962    0    0  (Gen:  0)
1053105520      3336  36126192  0.005  0.005    5.230    6.056    0    0  (Gen:  0)
1044734192   2511080  38139096  0.004  0.004    5.820    6.148    0    0  (Gen:  0)
1049442280   2593136  39141952  0.005  0.005    6.411    6.246    0    0  (Gen:  0)
1049090776   2593336  40441896  0.005  0.005    6.992    6.343    0    0  (Gen:  0)
1044991360   2593304  42125976  0.005  0.005    7.570    6.447    0    0  (Gen:  0)
1054526592   2593728  43518952  0.005  0.005    8.180    6.547    0    0  (Gen:  0)
1053969272   2593352  45230368  0.005  0.005    8.800    6.644    0    0  (Gen:  0)
1050403464   2609448  49890128  0.009  0.009    9.426    6.742    0    0  (Gen:  0)
1046452448   3577824  52106496  0.006  0.006   10.037    6.837    0    0  (Gen:  0)
1051019448   3584496  55073056  0.006  0.006   10.637    6.936    0    0  (Gen:  0)
1047861176  42215176  49614408  0.055  0.055   11.291    7.086    0    0  (Gen:  1)
1055995256  42215352  52269592  0.006  0.006   11.846    7.186    0    0  (Gen:  0)
1051398376  42219864  53957968  0.006  0.006   12.431    7.278    0    0  (Gen:  0)
1054000984  42214936  55550640  0.006  0.006   13.009    7.368    0    0  (Gen:  0)
1048996256  42215544  57716440  0.007  0.007   13.594    7.460    0    0  (Gen:  0)
1047457720  42215400  59913680  0.006  0.006   14.167    7.550    0    0  (Gen:  0)
1048726048  42215360  62370616  0.006  0.005   14.742    7.640    0    0  (Gen:  0)
1050477704  42215072  63216168  0.008  0.008   15.324    7.735    0    0  (Gen:  0)
1052739072  42217064  67268288  0.009  0.009   15.925    7.836    0    0  (Gen:  0)
1045159696   4173552  69359016  0.008  0.008   16.488    7.935    0    0  (Gen:  0)
1049207320   4184000  74574304  0.010  0.010   17.100    8.033    0    0  (Gen:  0)
1054179200   4186960  81916152  0.013  0.013   17.694    8.137    0    0  (Gen:  0)
1050486792   4191288  88840680  0.014  0.014   18.316    8.240    0    0  (Gen:  0)
1052113496   4170904  95197320  0.018  0.018   18.987    8.372    0    0  (Gen:  0)
1057286240   5260264  97894720  0.009  0.009   19.583    8.475    0    0  (Gen:  0)
1054988912   5264792  88527976  0.101  0.101   20.289    8.680    0    0  (Gen:  1)
1063043344   5290528 115871992  0.039  0.039   21.023    8.854    0    0  (Gen:  0)
1055691952  43354976 143690224  0.068  0.068   21.972    9.180    0    0  (Gen:  0)
1059993400  49361088 172657704  0.075  0.075   23.161    9.549    0    0  (Gen:  0)
1061307728  49355024 206612848  0.098  0.098   24.705   10.334    0    0  (Gen:  0)
1065066280 159718832 191213304  0.213  0.213   26.434   11.539    0    0  (Gen:  1)
1061107336 159719552 205376096  0.047  0.047   27.879   12.412    0    0  (Gen:  0)
1056360200 159718904 224761240  0.055  0.055   28.718   12.698    0    0  (Gen:  0)
1051677336 159719728 222836056  0.034  0.034   29.321   12.849    0    0  (Gen:  0)
575696992  10621104  16281464  0.016  0.016   29.668   12.928    0    0  (Gen:  1)
     1152                      0.000  0.000

  44,801,695,864 bytes allocated in the heap
   1,233,523,496 bytes copied during GC
     191,213,304 bytes maximum residency (6 sample(s))
       2,933,000 bytes maximum slop
             182 MB total memory in use (0 MB lost due to fragmentation)

                                     Tot time (elapsed)  Avg pause  Max pause
  Gen  0        37 colls,     0 par    0.664s   0.663s     0.0179s    0.0985s
  Gen  1         6 colls,     0 par    0.457s   0.456s     0.0760s    0.2131s

  TASKS: 34 (1 bound, 33 peak workers (33 total), using -N8)

  SPARKS: 0(0 converted, 0 overflowed, 0 dud, 0 GC'd, 0 fizzled)

  INIT    time    0.002s  (  0.001s elapsed)
  MUT     time   28.546s  ( 11.807s elapsed)
  GC      time    1.120s  (  1.119s elapsed)
  EXIT    time    0.003s  (  0.003s elapsed)
  Total   time   29.671s  ( 12.931s elapsed)

  Alloc rate    1,569,450,507 bytes per MUT second

  Productivity  96.2% of total user, 91.3% of total elapsed

