bench-hist/HEAD/ghcide --lsp --cwd bench/example/Cabal-3.0.0.0 +RTS -I0 -qg -A128M -Sedit.benchmark-gcStats -I0.5 
    Alloc    Copied     Live     GC     GC      TOT      TOT  Page Flts
    bytes     bytes     bytes   user   elap     user     elap
1066380984       120  18292768  0.033  0.033    0.648    5.092    0    0  (Gen:  0)
1051769840  21926840  25992680  0.044  0.044    1.139    5.354    0    0  (Gen:  1)
1045301784  21917072  27113248  0.012  0.012    1.700    5.447    0    0  (Gen:  0)
1053688408  21917224  28346304  0.028  0.028    2.281    5.556    0    0  (Gen:  1)
1056995704   2643584  29882328  0.005  0.005    2.853    5.647    0    0  (Gen:  0)
1051222496   2644344  31187928  0.005  0.005    3.421    5.742    0    0  (Gen:  0)
1044958744   2843904  32649776  0.005  0.005    4.004    5.836    0    0  (Gen:  0)
1050044552   2843968  34035400  0.005  0.005    4.574    5.932    0    0  (Gen:  0)
1049622800   2843568  35634728  0.005  0.005    5.159    6.025    0    0  (Gen:  0)
1052580760   2843152  37106568  0.005  0.005    5.752    6.116    0    0  (Gen:  0)
1056743928   2843248  37651320  0.004  0.004    6.343    6.212    0    0  (Gen:  0)
1047623760   2843496  39894656  0.005  0.005    6.917    6.307    0    0  (Gen:  0)
1051350592   2843280  41457936  0.006  0.006    7.511    6.402    0    0  (Gen:  0)
1052521128   2843632  43583040  0.005  0.005    8.097    6.493    0    0  (Gen:  0)
1046096944   2843536  45247080  0.006  0.006    8.664    6.589    0    0  (Gen:  0)
1056553112   2843544  46654272  0.006  0.006    9.257    6.688    0    0  (Gen:  0)
1058658400   2864976  52560072  0.010  0.010    9.864    6.790    0    0  (Gen:  0)
1050180464   2843400  53957872  0.007  0.007   10.460    6.884    0    0  (Gen:  0)
1045103912   2843200  50619720  0.054  0.054   11.087    7.029    0    0  (Gen:  1)
1052551000   2843968  52686712  0.006  0.006   11.652    7.126    0    0  (Gen:  0)
1043122544   2843912  53465248  0.006  0.006   12.222    7.218    0    0  (Gen:  0)
1050965240   5236376  58204520  0.009  0.009   12.814    7.315    0    0  (Gen:  0)
1045714408   5223592  59805112  0.008  0.008   13.383    7.412    0    0  (Gen:  0)
1048350968   5222800  63915304  0.008  0.008   13.967    7.510    0    0  (Gen:  0)
1051358264   5227880  66709576  0.007  0.007   14.553    7.606    0    0  (Gen:  0)
1043937832   5229896  69615504  0.009  0.009   15.122    7.704    0    0  (Gen:  0)
1043335752   5221840  71305544  0.008  0.008   15.687    7.801    0    0  (Gen:  0)
1043055584   5240248  76363504  0.011  0.011   16.280    7.903    0    0  (Gen:  0)
1052535232   5226440  79936368  0.011  0.011   16.867    8.009    0    0  (Gen:  0)
1047202528   5223616  81516168  0.007  0.007   17.453    8.102    0    0  (Gen:  0)
1044219464   5222424  83187560  0.006  0.006   18.035    8.193    0    0  (Gen:  0)
1050751056   5222160  86195696  0.008  0.008   18.638    8.293    0    0  (Gen:  0)
1050782056   5242440  93303808  0.012  0.012   19.238    8.396    0    0  (Gen:  0)
1049365320   5238864 100730800  0.022  0.022   19.849    8.519    0    0  (Gen:  0)
1057312192   5256352 119815632  0.126  0.125   20.615    8.747    0    0  (Gen:  1)
1046032368   5247728 138429584  0.048  0.048   21.439    8.974    0    0  (Gen:  0)
1062369032   5248344 169795976  0.061  0.060   22.967    9.499    0    0  (Gen:  0)
1059090264   5249632 228404016  0.119  0.119   24.325   10.226    0    0  (Gen:  0)
1054363648  58157824 229294496  0.077  0.077   25.490   10.779    0    0  (Gen:  0)
1054467408  58158216 204063112  0.220  0.220   26.915   11.757    0    0  (Gen:  1)
1055262744  58157640 199262472  0.039  0.039   27.970   12.417    0    0  (Gen:  0)
1055267800  58157672 201527936  0.043  0.043   29.216   13.249    0    0  (Gen:  0)
1052959296  58157744 196830536  0.039  0.038   30.287   13.933    0    0  (Gen:  0)
1061926992  58157800 195002568  0.034  0.034   31.489   14.732    0    0  (Gen:  0)
1056296544  58157848 195720480  0.037  0.037   32.589   15.452    0    0  (Gen:  0)
1055320056  58157880 194232288  0.030  0.030   33.752   16.226    0    0  (Gen:  0)
1057103344  58157912 195762000  0.035  0.035   34.873   16.954    0    0  (Gen:  0)
1050771808  58158048 184170248  0.017  0.017   35.942   17.610    0    0  (Gen:  0)
1048286352  58157992 201936656  0.043  0.043   37.140   18.404    0    0  (Gen:  0)
1055029184  58158032 183454160  0.015  0.015   38.197   19.066    0    0  (Gen:  0)
1057286792  58158072 198908712  0.036  0.036   39.360   19.831    0    0  (Gen:  0)
1059810576  58158128 198709040  0.038  0.038   40.463   20.546    0    0  (Gen:  0)
1052749712   9210488 186988976  0.017  0.017   41.444   21.107    0    0  (Gen:  0)
1049529904   9210488 198895312  0.032  0.032   42.587   21.840    0    0  (Gen:  0)
1051232976   9211912 199884080  0.036  0.036   43.671   22.538    0    0  (Gen:  0)
1057639456   9210576 193619648  0.024  0.024   44.731   23.191    0    0  (Gen:  0)
1056113032   9210560 207069168  0.043  0.043   45.950   23.978    0    0  (Gen:  0)
1054236616   9210584 202338936  0.034  0.034   47.035   24.672    0    0  (Gen:  0)
1053557680   9210616 201055928  0.034  0.034   48.203   25.423    0    0  (Gen:  0)
1057277088   9210656 200821128  0.033  0.032   49.335   26.182    0    0  (Gen:  0)
1053550488   8968552 190207360  0.018  0.018   50.454   26.871    0    0  (Gen:  0)
1047414792   8968616 204160568  0.037  0.037   51.568   27.570    0    0  (Gen:  0)
1053607288  24211048 206147176  0.040  0.040   52.599   28.223    0    0  (Gen:  0)
1051096208  24211080 202315288  0.032  0.032   53.797   29.012    0    0  (Gen:  0)
1056030768  24211096 202496376  0.034  0.034   54.917   29.729    0    0  (Gen:  0)
1054966168  24211128 200303192  0.028  0.028   56.079   30.500    0    0  (Gen:  0)
1051899440  24211160 203999520  0.036  0.036   57.167   31.219    0    0  (Gen:  0)
1057507168  24211296 193239912  0.020  0.020   58.230   31.852    0    0  (Gen:  0)
1055879776  24211288 214056696  0.048  0.048   59.446   32.674    0    0  (Gen:  0)
1049167856  21933072 205343848  0.035  0.035   60.518   33.354    0    0  (Gen:  0)
1054150520  21933128 197760200  0.024  0.024   61.675   34.088    0    0  (Gen:  0)
1056852256  22687872 206502000  0.037  0.037   62.766   34.777    0    0  (Gen:  0)
1058474312  22687920 197814976  0.025  0.025   63.891   35.507    0    0  (Gen:  0)
1054071320  22687952 206041864  0.036  0.036   65.098   36.307    0    0  (Gen:  0)
1055349432  22687960 209157568  0.039  0.039   66.147   36.961    0    0  (Gen:  0)
1059087864  14753160 199291120  0.025  0.025   67.300   37.693    0    0  (Gen:  0)
1049815208  14753216 206750528  0.037  0.037   68.466   38.443    0    0  (Gen:  0)
1059130072  14753312 194283712  0.017  0.017   69.594   39.183    0    0  (Gen:  0)
1052628992  22022152 207054896  0.036  0.036   70.756   39.938    0    0  (Gen:  0)
1057479496  22022232 200750232  0.025  0.025   71.848   40.644    0    0  (Gen:  0)
1053215016  22022208 213841280  0.044  0.044   72.981   41.377    0    0  (Gen:  0)
1059337984  22023624 209001832  0.038  0.038   74.082   42.084    0    0  (Gen:  0)
1058404936  22022288 204600392  0.027  0.027   75.242   42.807    0    0  (Gen:  0)
1049714176  22022304 209252416  0.036  0.036   76.362   43.529    0    0  (Gen:  0)
1058151400   9115440 197151640  0.017  0.017   77.486   44.235    0    0  (Gen:  0)
1054595712   9115440 212272824  0.038  0.038   78.620   44.986    0    0  (Gen:  0)
1056473904   9115496 214477992  0.042  0.042   79.704   45.669    0    0  (Gen:  0)
1055853464   9115520 207095648  0.029  0.029   80.832   46.393    0    0  (Gen:  0)
1055719888   9116912 209894568  0.033  0.033   81.992   47.150    0    0  (Gen:  0)
1060023376   9115568 210843824  0.033  0.033   83.129   47.895    0    0  (Gen:  0)
1061244176   9115664 213497512  0.036  0.036   84.289   48.647    0    0  (Gen:  0)
1059635600   9115696 206141408  0.026  0.026   85.373   49.360    0    0  (Gen:  0)
1059470344   9115712 213324424  0.037  0.037   86.612   50.176    0    0  (Gen:  0)
1058584144   9115784 199970592  0.016  0.016   87.678   50.847    0    0  (Gen:  0)
1059092408   9115800 221657416  0.047  0.047   88.897   51.652    0    0  (Gen:  0)
1056257592   9115864 201134376  0.018  0.018   89.998   52.356    0    0  (Gen:  0)
1056310008  27725272 219889432  0.043  0.043   91.183   53.159    0    0  (Gen:  0)
1057960672  27725336 216487288  0.038  0.038   92.303   53.897    0    0  (Gen:  0)
1057331712  27725424 205503584  0.020  0.020   93.425   54.594    0    0  (Gen:  0)
1056580896  27725456 213676816  0.034  0.034   94.555   55.327    0    0  (Gen:  0)
1047452704  24850520 218024768  0.040  0.040   95.598   55.977    0    0  (Gen:  0)
1046748936  24850576 205038248  0.022  0.022   96.574   56.538    0    0  (Gen:  0)
1055233696  24850600 222448256  0.045  0.045   97.750   57.318    0    0  (Gen:  0)
1051680472  24850624 215459288  0.037  0.037   98.794   57.921    0    0  (Gen:  0)
1056582520  11429936 205575304  0.023  0.023   99.850   58.586    0    0  (Gen:  0)
1056095944  11429944 223196640  0.045  0.045  101.067   59.389    0    0  (Gen:  0)
1053524448  18868288 213575408  0.031  0.031  102.159   60.084    0    0  (Gen:  0)
1049551288  18868360 213871816  0.031  0.031  103.357   60.856    0    0  (Gen:  0)
1053404456  18868432 216562552  0.038  0.038  104.466   61.567    0    0  (Gen:  0)
1051983184  18868592 229403024  0.043  0.043  105.114   61.781    0    0  (Gen:  0)
1052174720  18869208 230450880  0.032  0.032  105.689   61.925    0    0  (Gen:  0)
1045526472  18869224 228942224  0.024  0.024  106.294   62.064    0    0  (Gen:  0)
1048803456  18869208 227510552  0.021  0.021  106.888   62.200    0    0  (Gen:  0)
1049220104  14016536 228657120  0.023  0.023  107.488   62.336    0    0  (Gen:  0)
1048638712  14016544 229749240  0.025  0.025  108.078   62.475    0    0  (Gen:  0)
1052268360  16176472 231111808  0.027  0.027  108.659   62.614    0    0  (Gen:  0)
1045727360  16176512 229542456  0.024  0.024  109.245   62.752    0    0  (Gen:  0)
  4356720  10621848  16271936  0.016  0.016  109.264   62.769    0    0  (Gen:  1)
     1152                      0.000  0.000

 123,237,029,960 bytes allocated in the heap
   2,134,670,760 bytes copied during GC
     204,063,112 bytes maximum residency (6 sample(s))
       3,112,568 bytes maximum slop
             194 MB total memory in use (0 MB lost due to fragmentation)

                                     Tot time (elapsed)  Avg pause  Max pause
  Gen  0       112 colls,     0 par    3.036s   3.032s     0.0271s    0.1194s
  Gen  1         6 colls,     0 par    0.487s   0.487s     0.0811s    0.2199s

  TASKS: 34 (1 bound, 33 peak workers (33 total), using -N8)

  SPARKS: 0(0 converted, 0 overflowed, 0 dud, 0 GC'd, 0 fizzled)

  INIT    time    0.002s  (  0.002s elapsed)
  MUT     time  105.739s  ( 59.249s elapsed)
  GC      time    3.523s  (  3.518s elapsed)
  EXIT    time    0.004s  (  0.003s elapsed)
  Total   time  109.267s  ( 62.771s elapsed)

  Alloc rate    1,165,488,697 bytes per MUT second

  Productivity  96.8% of total user, 94.4% of total elapsed

