bench-hist/HEAD/ghcide --lsp --cwd bench/example/Cabal-3.0.0.0 +RTS -I0 -qg -A128M -SgetDefinition.benchmark-gcStats -I0.5 
    Alloc    Copied     Live     GC     GC      TOT      TOT  Page Flts
    bytes     bytes     bytes   user   elap     user     elap
1064202408       120  18286096  0.035  0.035    0.667    5.101    0    0  (Gen:  0)
1053259960  21980648  26054152  0.044  0.044    1.169    5.367    0    0  (Gen:  1)
1047670816  21971272  27192264  0.011  0.011    1.726    5.464    0    0  (Gen:  0)
1047929288  21970944  28319024  0.029  0.029    2.304    5.576    0    0  (Gen:  1)
1051008400  21970984  29849528  0.005  0.005    2.915    5.671    0    0  (Gen:  0)
1049816160  21970736  31236840  0.005  0.005    3.522    5.765    0    0  (Gen:  0)
1052121424  21970680  32597416  0.004  0.004    4.135    5.858    0    0  (Gen:  0)
1049310536  21970624  33867280  0.005  0.005    4.745    5.952    0    0  (Gen:  0)
1052097832  21971400  36286560  0.005  0.005    5.323    6.051    0    0  (Gen:  0)
1047493672  21971272  37759400  0.006  0.006    5.912    6.148    0    0  (Gen:  0)
1053995624  21971272  39006336  0.005  0.005    6.510    6.247    0    0  (Gen:  0)
1047133864  21971312  41259720  0.005  0.005    7.091    6.344    0    0  (Gen:  0)
1049206272  21971656  42161568  0.006  0.006    7.694    6.443    0    0  (Gen:  0)
1053309784  21971344  43638944  0.005  0.005    8.305    6.542    0    0  (Gen:  0)
1046032896  21971200  44780624  0.005  0.005    8.903    6.639    0    0  (Gen:  0)
1048996904  21971040  46290184  0.005  0.005    9.509    6.735    0    0  (Gen:  0)
1048394216  21971584  48494560  0.006  0.006   10.126    6.831    0    0  (Gen:  0)
1055477640  21971184  46985456  0.005  0.005   10.728    6.935    0    0  (Gen:  0)
1047295344  21970904  49152824  0.005  0.005   11.342    7.032    0    0  (Gen:  0)
1046428728  21999216  61062464  0.017  0.017   11.988    7.157    0    0  (Gen:  0)
1049712392  21970904  56217816  0.062  0.062   12.643    7.316    0    0  (Gen:  1)
1052697944  21971160  58513776  0.005  0.005   13.214    7.405    0    0  (Gen:  0)
1046489600  21971056  59337704  0.005  0.005   13.778    7.496    0    0  (Gen:  0)
1054260736  21972688  61427496  0.006  0.006   14.357    7.594    0    0  (Gen:  0)
1054237472  21998880  74196296  0.016  0.016   14.965    7.706    0    0  (Gen:  0)
1053245352  21978568  77852024  0.015  0.015   15.576    7.813    0    0  (Gen:  0)
1047616328   4022800  80025744  0.007  0.007   16.167    7.904    0    0  (Gen:  0)
1050073464   4030464  82211488  0.007  0.007   16.734    8.003    0    0  (Gen:  0)
1047574856   4043544  88942720  0.012  0.012   17.329    8.111    0    0  (Gen:  0)
1055603032   8109544  91674920  0.011  0.011   17.928    8.213    0    0  (Gen:  0)
1053932024   8112400  94454360  0.007  0.007   18.522    8.308    0    0  (Gen:  0)
1047400808   8112440  96709888  0.009  0.009   19.112    8.412    0    0  (Gen:  0)
1049074144   8110040 103250576  0.010  0.010   19.712    8.515    0    0  (Gen:  0)
1042915568   8111744 107116128  0.011  0.011   20.288    8.619    0    0  (Gen:  0)
1063193480   8143392 127623992  0.036  0.036   20.963    8.764    0    0  (Gen:  0)
1050078968   8132848 132256192  0.145  0.145   21.848    9.096    0    0  (Gen:  1)
1056776064   8141728 160428048  0.059  0.059   23.338    9.615    0    0  (Gen:  0)
1056809832   8128240 211468008  0.101  0.101   24.524   10.055    0    0  (Gen:  0)
1045342936   8109280 206834848  0.053  0.053   25.150   10.222    0    0  (Gen:  0)
1044256928  15392512 207704808  0.024  0.024   25.736   10.356    0    0  (Gen:  0)
1047241816  15392472 206120160  0.022  0.022   26.344   10.490    0    0  (Gen:  0)
1044899192  15392520 207039064  0.022  0.022   26.931   10.623    0    0  (Gen:  0)
1046059248  15242816 208010096  0.025  0.025   27.508   10.759    0    0  (Gen:  0)
1050609224  15242848 206816248  0.023  0.023   28.100   10.897    0    0  (Gen:  0)
1046070128  15242816 207802248  0.024  0.024   28.699   11.033    0    0  (Gen:  0)
1048367192  15242856 206339632  0.022  0.022   29.310   11.167    0    0  (Gen:  0)
1045716040  15242816 207195072  0.022  0.022   29.923   11.300    0    0  (Gen:  0)
1109527368  30977336 226298256  0.050  0.050   30.421   11.721    0    0  (Gen:  0)
192396184  30975240 200365336  0.188  0.188   30.686   12.489    0    0  (Gen:  1)
   139968  30974744  16159112  0.045  0.045   30.735   12.940    0    0  (Gen:  1)
     1352                      0.000  0.000

  50,663,501,408 bytes allocated in the heap
     857,980,088 bytes copied during GC
     200,365,336 bytes maximum residency (6 sample(s))
       2,902,760 bytes maximum slop
             191 MB total memory in use (0 MB lost due to fragmentation)

                                     Tot time (elapsed)  Avg pause  Max pause
  Gen  0        44 colls,     0 par    0.745s   0.744s     0.0169s    0.1013s
  Gen  1         6 colls,     0 par    0.513s   0.512s     0.0854s    0.1876s

  TASKS: 33 (1 bound, 32 peak workers (32 total), using -N8)

  SPARKS: 0(0 converted, 0 overflowed, 0 dud, 0 GC'd, 0 fizzled)

  INIT    time    0.002s  (  0.002s elapsed)
  MUT     time   29.473s  ( 11.681s elapsed)
  GC      time    1.259s  (  1.256s elapsed)
  EXIT    time    0.005s  (  0.002s elapsed)
  Total   time   30.738s  ( 12.941s elapsed)

  Alloc rate    1,718,974,091 bytes per MUT second

  Productivity  95.9% of total user, 90.3% of total elapsed

