bench-hist/HEAD/ghcide --lsp --cwd bench/example/Cabal-3.0.0.0 +RTS -I0 -qg -A128M -Shover.benchmark-gcStats -I0.5 
    Alloc    Copied     Live     GC     GC      TOT      TOT  Page Flts
    bytes     bytes     bytes   user   elap     user     elap
1065474832       120  18283432  0.035  0.035    0.663    5.100    0    0  (Gen:  0)
1048264336     12992  25981944  0.042  0.042    1.168    5.367    0    0  (Gen:  1)
1048954328      3576  27241872  0.012  0.012    1.733    5.462    0    0  (Gen:  0)
1048349960  24019248  28363264  0.027  0.027    2.312    5.571    0    0  (Gen:  1)
1046246480  24018904  29790872  0.005  0.005    2.866    5.660    0    0  (Gen:  0)
1054677912  24019440  31390632  0.005  0.005    3.412    5.751    0    0  (Gen:  0)
1049931016  24019368  33077968  0.006  0.006    3.961    5.841    0    0  (Gen:  0)
1058273784   2764008  34342792  0.005  0.005    4.520    5.933    0    0  (Gen:  0)
1051437704   2763400  35753392  0.005  0.005    5.072    6.022    0    0  (Gen:  0)
1051317312   2763592  37508328  0.005  0.005    5.633    6.111    0    0  (Gen:  0)
1047677336   2763912  39260232  0.006  0.006    6.213    6.200    0    0  (Gen:  0)
1050329560   2763240  40823944  0.006  0.006    6.799    6.289    0    0  (Gen:  0)
1054645592   2763584  42391464  0.005  0.005    7.355    6.384    0    0  (Gen:  0)
1042437328   2715592  44538368  0.006  0.006    7.932    6.474    0    0  (Gen:  0)
1052449920   2936776  46833672  0.006  0.006    8.504    6.566    0    0  (Gen:  0)
1048138272   2936560  48454544  0.006  0.006    9.086    6.655    0    0  (Gen:  0)
1046005128   2936296  49262288  0.006  0.006    9.673    6.744    0    0  (Gen:  0)
1049389072   2936328  50853440  0.006  0.006   10.258    6.833    0    0  (Gen:  0)
1046360944   2936464  52496816  0.006  0.006   10.833    6.926    0    0  (Gen:  0)
1047152960   2936400  53399472  0.006  0.006   11.414    7.017    0    0  (Gen:  0)
1051318712  43066200  50771280  0.053  0.053   12.038    7.157    0    0  (Gen:  1)
1048631696  43012512  52461104  0.007  0.007   12.627    7.251    0    0  (Gen:  0)
1051592848  43031824  57132112  0.010  0.010   13.220    7.365    0    0  (Gen:  0)
1053291848  43016176  58901368  0.010  0.010   13.821    7.466    0    0  (Gen:  0)
1051798816  43012704  61491888  0.005  0.005   14.407    7.557    0    0  (Gen:  0)
1048506824  43012904  62821336  0.006  0.006   14.999    7.656    0    0  (Gen:  0)
1047675520  43018184  66853584  0.007  0.007   15.587    7.751    0    0  (Gen:  0)
1053709736  43014064  70975144  0.011  0.011   16.201    7.863    0    0  (Gen:  0)
1054169720  43013640  73739360  0.008  0.008   16.779    7.967    0    0  (Gen:  0)
1052961192  43021672  76465072  0.009  0.009   17.366    8.072    0    0  (Gen:  0)
1053713856  43038760  85511928  0.015  0.015   17.979    8.179    0    0  (Gen:  0)
1055545256  43041496 100377664  0.026  0.026   18.622    8.296    0    0  (Gen:  0)
1058589904  43044616 124033584  0.046  0.046   19.317    8.446    0    0  (Gen:  0)
1054886000  90126072 114494960  0.108  0.107   20.017    8.646    0    0  (Gen:  1)
1053027976  90128696 119496880  0.016  0.016   20.647    8.776    0    0  (Gen:  0)
1053621952  90147200 139463808  0.034  0.034   21.431    8.983    0    0  (Gen:  0)
1061847296  90155256 169079088  0.057  0.057   23.219    9.603    0    0  (Gen:  0)
1053669816  90142920 218476736  0.108  0.108   24.365   10.021    0    0  (Gen:  0)
1053876712  90123464 219083392  0.062  0.062   25.043   10.194    0    0  (Gen:  0)
1048336216  90123352 217649672  0.028  0.028   25.684   10.332    0    0  (Gen:  0)
1049666560  90123152 218882832  0.029  0.029   26.336   10.471    0    0  (Gen:  0)
1053035912  90123152 217691840  0.026  0.026   26.974   10.608    0    0  (Gen:  0)
1056078512  90123120 219337912  0.029  0.029   27.625   10.750    0    0  (Gen:  0)
1047501512  90123192 215544584  0.022  0.022   28.264   10.885    0    0  (Gen:  0)
1050022016  90123136 216740056  0.024  0.024   28.874   11.021    0    0  (Gen:  0)
1050492008  90123168 215459176  0.022  0.022   29.475   11.156    0    0  (Gen:  0)
1043927864  90124248 216199664  0.023  0.023   30.073   11.292    0    0  (Gen:  0)
489111520  90123840 199253848  0.207  0.207   30.497   12.238    0    0  (Gen:  1)
   136576  90121944  16049448  0.043  0.043   30.543   12.632    0    0  (Gen:  1)
     1352                      0.000  0.000

  49,908,259,504 bytes allocated in the heap
   2,134,410,464 bytes copied during GC
     199,253,848 bytes maximum residency (6 sample(s))
       2,830,504 bytes maximum slop
             190 MB total memory in use (0 MB lost due to fragmentation)

                                     Tot time (elapsed)  Avg pause  Max pause
  Gen  0        43 colls,     0 par    0.775s   0.774s     0.0180s    0.1076s
  Gen  1         6 colls,     0 par    0.480s   0.479s     0.0799s    0.2070s

  TASKS: 35 (1 bound, 33 peak workers (34 total), using -N8)

  SPARKS: 0(0 converted, 0 overflowed, 0 dud, 0 GC'd, 0 fizzled)

  INIT    time    0.002s  (  0.002s elapsed)
  MUT     time   29.285s  ( 11.377s elapsed)
  GC      time    1.255s  (  1.253s elapsed)
  EXIT    time    0.004s  (  0.010s elapsed)
  Total   time   30.546s  ( 12.641s elapsed)

  Alloc rate    1,704,224,053 bytes per MUT second

  Productivity  95.9% of total user, 90.0% of total elapsed

