bench-hist/HEAD/ghcide --lsp --cwd bench/example/Cabal-3.0.0.0 +RTS -I0 -qg -A128M -Shover_after_edit.benchmark-gcStats -I0.5 
    Alloc    Copied     Live     GC     GC      TOT      TOT  Page Flts
    bytes     bytes     bytes   user   elap     user     elap
1064701200       120  18281408  0.034  0.034    0.669    5.310    0    0  (Gen:  0)
1048322408      7520  25962656  0.042  0.042    1.182    5.575    0    0  (Gen:  1)
1050820600  12502344  27037160  0.014  0.014    1.793    5.687    0    0  (Gen:  0)
1056691224  12501744  28215456  0.027  0.027    2.385    5.803    0    0  (Gen:  1)
1042418504  12501768  29675680  0.005  0.005    2.949    5.890    0    0  (Gen:  0)
1051974984   2836976  31100008  0.005  0.005    3.520    5.981    0    0  (Gen:  0)
1047620368   2837256  32698336  0.005  0.005    4.102    6.068    0    0  (Gen:  0)
1053434944   2909240  34368592  0.006  0.006    4.685    6.159    0    0  (Gen:  0)
1050050976   2909856  36616552  0.005  0.005    5.243    6.258    0    0  (Gen:  0)
1051067496   2908920  37916600  0.005  0.005    5.821    6.345    0    0  (Gen:  0)
1048756032   2910296  38368608  0.007  0.007    6.400    6.440    0    0  (Gen:  0)
1052129304   2933744  46600544  0.013  0.013    6.991    6.542    0    0  (Gen:  0)
1046310064   6303496  48232880  0.009  0.009    7.567    6.637    0    0  (Gen:  0)
1049823280   6302976  49715504  0.005  0.005    8.135    6.726    0    0  (Gen:  0)
1046859968   6302920  51419496  0.005  0.005    8.702    6.820    0    0  (Gen:  0)
1051680152   6303160  53351352  0.007  0.007    9.288    6.912    0    0  (Gen:  0)
1048437416   6322640  53483424  0.056  0.056    9.908    7.064    0    0  (Gen:  1)
1048562808   6302952  55056200  0.007  0.007   10.497    7.156    0    0  (Gen:  0)
1052020840   6307488  56784888  0.006  0.006   11.080    7.247    0    0  (Gen:  0)
1053311104   6303248  58552096  0.005  0.005   11.668    7.340    0    0  (Gen:  0)
1049373176   6305728  60132936  0.005  0.005   12.240    7.436    0    0  (Gen:  0)
1058053448   3037040  61665136  0.006  0.006   12.829    7.532    0    0  (Gen:  0)
1051832480   3035600  64088728  0.006  0.006   13.426    7.624    0    0  (Gen:  0)
1053871368   2827240  65616984  0.006  0.006   14.027    7.715    0    0  (Gen:  0)
1052517544   2827992  69303256  0.009  0.009   14.644    7.818    0    0  (Gen:  0)
1044793848   2827120  71263384  0.007  0.007   15.238    7.913    0    0  (Gen:  0)
1055857864   2829320  72530080  0.005  0.005   15.837    8.008    0    0  (Gen:  0)
1052766784   2832952  74300960  0.007  0.007   16.420    8.110    0    0  (Gen:  0)
1052624664   2833672  76843552  0.008  0.008   17.017    8.210    0    0  (Gen:  0)
1055329208   2856112  92199712  0.019  0.019   17.658    8.322    0    0  (Gen:  0)
1050649128   2827992  93835304  0.023  0.023   18.278    8.441    0    0  (Gen:  0)
1047429912   3679504  95033016  0.007  0.007   18.906    8.547    0    0  (Gen:  0)
1054112312   3680352  93410456  0.099  0.099   19.659    8.790    0    0  (Gen:  1)
1052394784   3697344 101631304  0.022  0.022   20.352    8.954    0    0  (Gen:  0)
1064835176  28295640 130161632  0.045  0.045   21.130    9.173    0    0  (Gen:  0)
1051722280  35315944 148310704  0.043  0.043   21.813    9.330    0    0  (Gen:  0)
1053440144  35315736 175757920  0.064  0.063   23.519    9.932    0    0  (Gen:  0)
1064034120  35315760 224535280  0.110  0.110   24.903   10.662    0    0  (Gen:  0)
1057780016  35291512 205920072  0.223  0.223   26.052   11.220    0    0  (Gen:  1)
1051505128  35290848 217671808  0.043  0.043   26.731   11.371    0    0  (Gen:  0)
1049990192  36136128 232610296  0.047  0.047   27.395   11.525    0    0  (Gen:  0)
1050898520  36136224 231328096  0.031  0.031   27.983   11.669    0    0  (Gen:  0)
1045440200  36136160 232290344  0.024  0.024   28.562   11.805    0    0  (Gen:  0)
1077112232  36135872 239435816  0.035  0.035   29.949   12.478    0    0  (Gen:  0)
1050376920  36138312 256037776  0.042  0.042   30.616   12.628    0    0  (Gen:  0)
1044169664  36138384 269824160  0.044  0.044   31.294   12.778    0    0  (Gen:  0)
1046609104  36138040 270845680  0.032  0.031   31.920   12.922    0    0  (Gen:  0)
1041592080  36138168 268936472  0.022  0.022   32.526   13.058    0    0  (Gen:  0)
308586144  10631328  16354808  0.017  0.017   32.725   13.103    0    0  (Gen:  1)
     1152                      0.000  0.000

  50,804,693,264 bytes allocated in the heap
     658,860,688 bytes copied during GC
     205,920,072 bytes maximum residency (6 sample(s))
       3,524,792 bytes maximum slop
             196 MB total memory in use (0 MB lost due to fragmentation)

                                     Tot time (elapsed)  Avg pause  Max pause
  Gen  0        43 colls,     0 par    0.852s   0.851s     0.0198s    0.1100s
  Gen  1         6 colls,     0 par    0.464s   0.464s     0.0773s    0.2227s

  TASKS: 32 (1 bound, 30 peak workers (31 total), using -N8)

  SPARKS: 0(0 converted, 0 overflowed, 0 dud, 0 GC'd, 0 fizzled)

  INIT    time    0.002s  (  0.001s elapsed)
  MUT     time   31.404s  ( 11.787s elapsed)
  GC      time    1.316s  (  1.315s elapsed)
  EXIT    time    0.005s  (  0.008s elapsed)
  Total   time   32.727s  ( 13.111s elapsed)

  Alloc rate    1,617,772,646 bytes per MUT second

  Productivity  96.0% of total user, 89.9% of total elapsed

