bench-hist/upstream/ghcide --lsp --cwd bench/example/Cabal-3.0.0.0 +RTS -I0 -qg -A128M -Scode_actions.benchmark-gcStats -I0.5 
    Alloc    Copied     Live     GC     GC      TOT      TOT  Page Flts
    bytes     bytes     bytes   user   elap     user     elap
1064623208       120  18189640  0.036  0.036    0.668    5.170    0    0  (Gen:  0)
1053464504     13016  25997840  0.042  0.042    1.174    5.437    0    0  (Gen:  1)
1052822736      3288  27105272  0.012  0.012    1.744    5.536    0    0  (Gen:  0)
1048414616      3032  28296608  0.028  0.028    2.318    5.646    0    0  (Gen:  1)
1048342456      2936  29756400  0.005  0.005    2.923    5.745    0    0  (Gen:  0)
1050449088      3424  31676712  0.005  0.005    3.543    5.845    0    0  (Gen:  0)
1048648272      3040  32262768  0.005  0.005    4.179    5.941    0    0  (Gen:  0)
1049082680      3792  34222320  0.005  0.005    4.809    6.043    0    0  (Gen:  0)
1051351384      4016  35659664  0.006  0.006    5.437    6.152    0    0  (Gen:  0)
1052821600      3464  37642160  0.005  0.005    6.072    6.250    0    0  (Gen:  0)
1053596192   2791104  37653520  0.005  0.005    6.711    6.352    0    0  (Gen:  0)
1049780568   3666256  40696520  0.006  0.006    7.342    6.454    0    0  (Gen:  0)
1053052744   3679800  46503608  0.011  0.011    8.014    6.560    0    0  (Gen:  0)
1048898792   3660184  47568088  0.007  0.007    8.667    6.662    0    0  (Gen:  0)
1056906704   3661008  50122808  0.006  0.006    9.307    6.769    0    0  (Gen:  0)
1046901960   3661160  51720872  0.006  0.006    9.937    6.874    0    0  (Gen:  0)
1055425544   3660360  53281752  0.005  0.005   10.566    6.975    0    0  (Gen:  0)
1050948032   3660376  54929624  0.005  0.005   11.193    7.084    0    0  (Gen:  0)
1052110344   3680976  53504184  0.064  0.064   11.907    7.247    0    0  (Gen:  1)
1054461616   3661416  56256712  0.009  0.008   12.510    7.342    0    0  (Gen:  0)
1048361896   3680096  58181304  0.006  0.006   13.095    7.436    0    0  (Gen:  0)
1053481888   3680392  59768616  0.006  0.006   13.685    7.527    0    0  (Gen:  0)
1050507624   2966672  60739944  0.007  0.007   14.271    7.624    0    0  (Gen:  0)
1051480464   2966224  63247840  0.006  0.006   14.862    7.717    0    0  (Gen:  0)
1052283728   2963832  64533688  0.007  0.007   15.441    7.816    0    0  (Gen:  0)
1044314208   2964032  67258760  0.007  0.007   16.023    7.910    0    0  (Gen:  0)
1046749824   3265288  68779704  0.006  0.006   16.600    8.004    0    0  (Gen:  0)
1050061336   3046400  70532608  0.005  0.005   17.178    8.098    0    0  (Gen:  0)
1051631944   3048736  73619272  0.009  0.009   17.774    8.208    0    0  (Gen:  0)
1050144352   3051160  74627472  0.007  0.007   18.366    8.311    0    0  (Gen:  0)
1053240896   3047872  76432040  0.006  0.006   18.949    8.403    0    0  (Gen:  0)
1052688064   3070888  87187552  0.017  0.017   19.573    8.525    0    0  (Gen:  0)
1055977744   3053400  92884648  0.015  0.015   20.184    8.629    0    0  (Gen:  0)
1050690488   6686712  96703992  0.011  0.011   20.788    8.732    0    0  (Gen:  0)
1052497640   6685816  87708208  0.089  0.089   21.464    8.910    0    0  (Gen:  1)
1063912944   6720936 120490472  0.052  0.052   22.372    9.180    0    0  (Gen:  0)
1067945784  64711320 174301664  0.100  0.100   24.241    9.829    0    0  (Gen:  0)
1053499632  64688800 221350280  0.134  0.133   25.697   10.612    0    0  (Gen:  0)
1061262072 178592544 212018760  0.233  0.233   26.831   11.133    0    0  (Gen:  1)
1045524600  27152040 212633840  0.038  0.038   27.499   11.283    0    0  (Gen:  0)
1052821848  17188824 214026688  0.028  0.028   28.170   11.425    0    0  (Gen:  0)
1059647336  17188824 215690888  0.032  0.032   28.787   11.567    0    0  (Gen:  0)
1057456368  17639272 214778664  0.029  0.029   29.407   11.708    0    0  (Gen:  0)
1056028560  17639264 213776448  0.027  0.027   30.008   11.847    0    0  (Gen:  0)
1054603456  17639232 215278984  0.030  0.030   30.607   11.987    0    0  (Gen:  0)
1055430168  17639272 214247048  0.027  0.027   31.201   12.125    0    0  (Gen:  0)
1058469560  17639336 213470384  0.026  0.026   31.797   12.263    0    0  (Gen:  0)
1055255488  17639312 212662232  0.024  0.024   32.401   12.404    0    0  (Gen:  0)
882649328  17673040 223863848  0.195  0.195   33.125   13.506    0    0  (Gen:  1)
   168128  17638144  18324664  0.023  0.023   33.152   13.923    0    0  (Gen:  1)
     1152                      0.000  0.000

  51,430,891,560 bytes allocated in the heap
     607,390,448 bytes copied during GC
     223,863,848 bytes maximum residency (7 sample(s))
       5,012,440 bytes maximum slop
             213 MB total memory in use (0 MB lost due to fragmentation)

                                     Tot time (elapsed)  Avg pause  Max pause
  Gen  0        43 colls,     0 par    0.801s   0.800s     0.0186s    0.1335s
  Gen  1         7 colls,     0 par    0.675s   0.674s     0.0963s    0.2328s

  TASKS: 33 (1 bound, 32 peak workers (32 total), using -N8)

  SPARKS: 0(0 converted, 0 overflowed, 0 dud, 0 GC'd, 0 fizzled)

  INIT    time    0.002s  (  0.002s elapsed)
  MUT     time   31.674s  ( 12.447s elapsed)
  GC      time    1.476s  (  1.474s elapsed)
  EXIT    time    0.004s  (  0.009s elapsed)
  Total   time   33.155s  ( 13.932s elapsed)

  Alloc rate    1,623,776,680 bytes per MUT second

  Productivity  95.5% of total user, 89.3% of total elapsed

