bench-hist/upstream/ghcide --lsp --cwd bench/example/Cabal-3.0.0.0 +RTS -I0 -qg -A128M -Scode_actions_after_edit.benchmark-gcStats -I0.5 
    Alloc    Copied     Live     GC     GC      TOT      TOT  Page Flts
    bytes     bytes     bytes   user   elap     user     elap
1065468504       120  18195496  0.035  0.035    0.666    5.207    0    0  (Gen:  0)
1052795584      7488  26131744  0.041  0.041    1.193    5.477    0    0  (Gen:  1)
1050338208      3480  27166064  0.013  0.013    1.811    5.582    0    0  (Gen:  0)
1047948848      3696  28445808  0.028  0.028    2.400    5.694    0    0  (Gen:  1)
1045534040      3280  29946880  0.006  0.006    2.930    5.792    0    0  (Gen:  0)
1051494600      4072  30168152  0.004  0.004    3.492    5.881    0    0  (Gen:  0)
1051144424     27472  38869224  0.012  0.012    4.061    5.983    0    0  (Gen:  0)
1056418208      3520  40324072  0.009  0.009    4.634    6.076    0    0  (Gen:  0)
1048569256     12544  44331864  0.007  0.007    5.205    6.166    0    0  (Gen:  0)
1046388728     17416  47228448  0.009  0.009    5.790    6.262    0    0  (Gen:  0)
1053641160      4552  48189944  0.006  0.006    6.369    6.356    0    0  (Gen:  0)
1047036144      3456  49773904  0.005  0.005    6.937    6.451    0    0  (Gen:  0)
1054168520      3288  51280304  0.005  0.005    7.504    6.542    0    0  (Gen:  0)
1049537576   2813608  53524192  0.005  0.005    8.061    6.636    0    0  (Gen:  0)
1043255456   2813976  51912608  0.054  0.054    8.677    6.776    0    0  (Gen:  1)
1052302448   2813616  53282736  0.005  0.005    9.260    6.865    0    0  (Gen:  0)
1047263912   2813224  55314408  0.005  0.005    9.844    6.955    0    0  (Gen:  0)
1050644400   2813064  55432000  0.005  0.005   10.422    7.045    0    0  (Gen:  0)
1051393544   2813264  57197264  0.005  0.005   11.009    7.137    0    0  (Gen:  0)
1045398792   2813608  61195400  0.006  0.006   11.587    7.231    0    0  (Gen:  0)
1049478424   2813408  62998336  0.006  0.006   12.155    7.328    0    0  (Gen:  0)
1045900088   2813848  65952688  0.007  0.007   12.752    7.422    0    0  (Gen:  0)
1044559936   2814120  68388368  0.007  0.007   13.322    7.518    0    0  (Gen:  0)
1052811152   9385216  78285352  0.016  0.016   13.916    7.628    0    0  (Gen:  0)
1051847416   9366472  80085240  0.012  0.012   14.512    7.727    0    0  (Gen:  0)
1049972552   9363064  81759080  0.007  0.007   15.094    7.822    0    0  (Gen:  0)
1049284880   9364696  83175320  0.006  0.006   15.671    7.918    0    0  (Gen:  0)
1053378280   9364512  82594688  0.006  0.006   16.268    8.024    0    0  (Gen:  0)
1056077416   9362520  84326024  0.007  0.007   16.855    8.120    0    0  (Gen:  0)
1047248792   9363656  90058288  0.008  0.008   17.457    8.229    0    0  (Gen:  0)
1048129304   9364544  93421712  0.007  0.007   18.044    8.324    0    0  (Gen:  0)
1061666088  20800872 117892288  0.040  0.040   18.725    8.476    0    0  (Gen:  0)
1054115392  20782048 123607120  0.030  0.030   19.346    8.598    0    0  (Gen:  0)
1052813272  20770656 114499488  0.110  0.110   20.073    8.813    0    0  (Gen:  1)
1048261584  10075784 122350040  0.017  0.017   20.693    8.929    0    0  (Gen:  0)
1052780288  10092376 134851328  0.026  0.026   21.365    9.090    0    0  (Gen:  0)
1066847048  10105832 167945552  0.060  0.059   23.106    9.703    0    0  (Gen:  0)
1056289144  10096200 219062976  0.110  0.110   24.512   10.433    0    0  (Gen:  0)
1060033968  10070024 243104048  0.094  0.094   25.572   10.871    0    0  (Gen:  0)
1045742200 177592480 210400120  0.217  0.217   26.345   11.198    0    0  (Gen:  1)
1051504384  13071848 206933496  0.021  0.021   26.944   11.336    0    0  (Gen:  0)
1051001792  13071744 210702696  0.028  0.028   27.545   11.476    0    0  (Gen:  0)
1045628176  13071800 209106648  0.026  0.026   28.139   11.615    0    0  (Gen:  0)
1049826232  13071760 210286736  0.027  0.027   28.744   11.757    0    0  (Gen:  0)
1048220144  13071808 208887088  0.024  0.024   29.337   11.896    0    0  (Gen:  0)
1048777240  13071760 210080376  0.025  0.025   29.940   12.034    0    0  (Gen:  0)
1046923208  13918288 208539256  0.024  0.024   30.556   12.171    0    0  (Gen:  0)
1046506024  13918256 209557584  0.025  0.025   31.163   12.308    0    0  (Gen:  0)
1103817152  13947792 243331696  0.063  0.063   31.941   12.766    0    0  (Gen:  0)
1135724240  13917664 242075992  0.042  0.042   32.790   13.389    0    0  (Gen:  0)
1131721328  13917712 242913352  0.025  0.025   33.645   13.998    0    0  (Gen:  0)
1131007944  13917808 240809704  0.021  0.020   34.481   14.610    0    0  (Gen:  0)
1151944152  13917864 242945832  0.024  0.024   35.334   15.229    0    0  (Gen:  0)
1128666536  13917944 243913704  0.024  0.024   36.165   15.831    0    0  (Gen:  0)
1133924944  13917944 245793560  0.028  0.028   37.057   16.462    0    0  (Gen:  0)
1129239992  13917992 243366480  0.022  0.022   37.884   17.059    0    0  (Gen:  0)
1154466496  13918016 243068128  0.023  0.023   38.759   17.688    0    0  (Gen:  0)
1128505704  10325848 243989192  0.025  0.025   39.611   18.306    0    0  (Gen:  0)
1130013496  13226904 246467216  0.029  0.029   40.499   18.937    0    0  (Gen:  0)
1128415648  13226928 243964280  0.024  0.024   41.339   19.548    0    0  (Gen:  0)
1155751736  13227008 243265184  0.023  0.023   42.204   20.176    0    0  (Gen:  0)
1135820360  13227056 244220824  0.023  0.023   43.040   20.780    0    0  (Gen:  0)
1128263400  13227064 247418080  0.030  0.030   43.927   21.412    0    0  (Gen:  0)
1134684584   9732520 243275432  0.022  0.022   44.770   22.018    0    0  (Gen:  0)
1154488056   9732536 243677864  0.022  0.022   45.636   22.650    0    0  (Gen:  0)
1132517880   9732568 243455072  0.022  0.022   46.517   23.275    0    0  (Gen:  0)
1130595992   9732584 242287368  0.019  0.019   47.380   23.901    0    0  (Gen:  0)
1141704208   9732640 243351896  0.021  0.021   48.236   24.516    0    0  (Gen:  0)
1141710952   9732664 243942504  0.024  0.024   49.104   25.144    0    0  (Gen:  0)
1133573912   9732688 244628776  0.024  0.024   49.996   25.772    0    0  (Gen:  0)
1129822736   9732704 242446272  0.019  0.019   50.842   26.393    0    0  (Gen:  0)
1144864240   9732720 243349384  0.022  0.022   51.700   27.007    0    0  (Gen:  0)
1141943360   9732760 244739200  0.023  0.023   52.545   27.621    0    0  (Gen:  0)
1130319760   9732784 245527856  0.028  0.028   53.440   28.257    0    0  (Gen:  0)
1130527344   9732816 243759168  0.022  0.022   54.298   28.881    0    0  (Gen:  0)
1160534400   9732824 243699392  0.022  0.022   55.172   29.512    0    0  (Gen:  0)
1134408512   9732800 244620240  0.024  0.024   56.010   30.119    0    0  (Gen:  0)
1133848192   9732824 247870496  0.030  0.030   56.900   30.758    0    0  (Gen:  0)
1069230760   9731760 217039184  0.201  0.201   57.903   32.083    0    0  (Gen:  1)
   140328  11966504  18252584  0.024  0.024   57.930   32.445    0    0  (Gen:  1)
     1152                      0.000  0.000

  85,598,566,272 bytes allocated in the heap
     869,258,576 bytes copied during GC
     217,039,184 bytes maximum residency (7 sample(s))
       3,874,480 bytes maximum slop
             206 MB total memory in use (0 MB lost due to fragmentation)

                                     Tot time (elapsed)  Avg pause  Max pause
  Gen  0        73 colls,     0 par    1.577s   1.575s     0.0216s    0.1097s
  Gen  1         7 colls,     0 par    0.676s   0.675s     0.0964s    0.2168s

  TASKS: 34 (1 bound, 33 peak workers (33 total), using -N8)

  SPARKS: 0(0 converted, 0 overflowed, 0 dud, 0 GC'd, 0 fizzled)

  INIT    time    0.002s  (  0.002s elapsed)
  MUT     time   55.674s  ( 30.193s elapsed)
  GC      time    2.253s  (  2.250s elapsed)
  EXIT    time    0.004s  (  0.007s elapsed)
  Total   time   57.932s  ( 32.451s elapsed)

  Alloc rate    1,537,486,563 bytes per MUT second

  Productivity  96.1% of total user, 93.0% of total elapsed

