bench-hist/upstream/ghcide --lsp --cwd bench/example/Cabal-3.0.0.0 +RTS -I0 -qg -A128M -Scompletions_after_edit.benchmark-gcStats -I0.5 
    Alloc    Copied     Live     GC     GC      TOT      TOT  Page Flts
    bytes     bytes     bytes   user   elap     user     elap
1065439712       120  18186240  0.035  0.035    0.664    5.105    0    0  (Gen:  0)
1050777992     13024  25960528  0.040  0.040    1.176    5.379    0    0  (Gen:  1)
1047468712      3256  27139512  0.012  0.011    1.735    5.476    0    0  (Gen:  0)
1048575120  24092408  28399576  0.027  0.027    2.308    5.585    0    0  (Gen:  1)
1052625152   2841384  30038384  0.006  0.005    2.869    5.681    0    0  (Gen:  0)
1054296968   2842168  31957128  0.005  0.005    3.461    5.771    0    0  (Gen:  0)
1048339112   2841480  32761400  0.005  0.005    4.050    5.865    0    0  (Gen:  0)
1048615960   2841984  34281664  0.005  0.005    4.643    5.960    0    0  (Gen:  0)
1045817800   2841448  35813200  0.006  0.006    5.236    6.053    0    0  (Gen:  0)
1050526960   2841736  37763104  0.005  0.005    5.834    6.144    0    0  (Gen:  0)
1053223768   2841800  38732288  0.006  0.005    6.427    6.243    0    0  (Gen:  0)
1048736696   2841568  40771704  0.006  0.006    7.040    6.336    0    0  (Gen:  0)
1052076448   2841448  42442648  0.005  0.005    7.642    6.429    0    0  (Gen:  0)
1057314296   2841952  44441344  0.007  0.007    8.249    6.527    0    0  (Gen:  0)
1047771600   2842080  45298912  0.006  0.006    8.848    6.625    0    0  (Gen:  0)
1052136952   2841872  47029480  0.008  0.008    9.456    6.723    0    0  (Gen:  0)
1044697744   2841808  48371944  0.006  0.006   10.055    6.818    0    0  (Gen:  0)
1053534048   2861536  55915440  0.011  0.011   10.651    6.924    0    0  (Gen:  0)
1050910552   2842840  55709048  0.007  0.007   11.245    7.027    0    0  (Gen:  0)
1042389200   2841680  50624840  0.054  0.054   11.894    7.174    0    0  (Gen:  1)
1049887544   2841168  52034600  0.005  0.005   12.476    7.262    0    0  (Gen:  0)
1047905544   2841856  54973256  0.006  0.006   13.067    7.355    0    0  (Gen:  0)
1051512264   2841648  56125472  0.006  0.006   13.639    7.451    0    0  (Gen:  0)
1049419224   2841688  57822304  0.006  0.006   14.206    7.543    0    0  (Gen:  0)
1053388776   2841768  60006216  0.005  0.005   14.763    7.636    0    0  (Gen:  0)
1049343576   2841856  61808544  0.006  0.006   15.349    7.729    0    0  (Gen:  0)
1053411960   2843168  62389056  0.006  0.006   15.930    7.840    0    0  (Gen:  0)
1054011680   2873704  80822872  0.027  0.027   16.578    7.970    0    0  (Gen:  0)
1054841872  13051672  82520752  0.015  0.015   17.175    8.075    0    0  (Gen:  0)
1051085784  13057224  85441544  0.008  0.008   17.773    8.178    0    0  (Gen:  0)
1048828496  13054448  90580808  0.012  0.012   18.371    8.283    0    0  (Gen:  0)
1054074096  13080584 108252856  0.027  0.027   19.011    8.412    0    0  (Gen:  0)
1048952560  13076200 122731048  0.034  0.034   19.651    8.542    0    0  (Gen:  0)
1050031232  13060352 115861280  0.120  0.119   20.393    8.782    0    0  (Gen:  1)
1046628616  13071056 129062168  0.028  0.028   21.064    8.921    0    0  (Gen:  0)
1055037560  13066304 143190016  0.044  0.044   21.937    9.174    0    0  (Gen:  0)
1062290736  13079832 165292096  0.051  0.051   23.406    9.618    0    0  (Gen:  0)
1051577000  13075056 216615184  0.103  0.103   25.001   10.443    0    0  (Gen:  0)
1073731576  13049288 247435552  0.098  0.098   26.001   10.829    0    0  (Gen:  0)
1073449720 162285416 196705024  0.196  0.195   26.814   11.135    0    0  (Gen:  1)
1049134088 162280816 199588808  0.006  0.006   27.478   11.460    0    0  (Gen:  0)
1044276024 162280840 202739704  0.006  0.006   28.222   11.813    0    0  (Gen:  0)
1043221160   4935312 204144632  0.006  0.006   28.921   12.141    0    0  (Gen:  0)
1046199392   4935328 205823664  0.006  0.006   29.633   12.484    0    0  (Gen:  0)
1045496192   4935320 209290960  0.007  0.007   30.308   12.809    0    0  (Gen:  0)
1044448928   4935328 210200408  0.007  0.007   31.010   13.152    0    0  (Gen:  0)
1047490648   4724824 211201416  0.006  0.006   31.708   13.490    0    0  (Gen:  0)
1047351040   4724808 214445152  0.007  0.007   32.390   13.818    0    0  (Gen:  0)
1045847296   4724808 215104896  0.006  0.006   33.106   14.164    0    0  (Gen:  0)
1045285928   4724832 218372840  0.007  0.007   33.794   14.492    0    0  (Gen:  0)
1048151944   4724800 219342384  0.006  0.006   34.501   14.836    0    0  (Gen:  0)
1042004432   5564472 222183280  0.007  0.007   35.190   15.159    0    0  (Gen:  0)
1049051080   5564424 223862824  0.007  0.007   35.920   15.509    0    0  (Gen:  0)
1059365440   5567832 253989376  0.063  0.062   37.064   16.171    0    0  (Gen:  0)
1048257448   5565360 251145328  0.034  0.034   37.690   16.321    0    0  (Gen:  0)
1050325208   5565176 252510568  0.023  0.023   38.332   16.461    0    0  (Gen:  0)
1044333400   5565176 253339992  0.025  0.025   38.963   16.598    0    0  (Gen:  0)
405548168  10593992  16147128  0.018  0.018   39.225   16.656    0    0  (Gen:  1)
     1352                      0.000  0.000

  60,300,473,776 bytes allocated in the heap
     810,285,328 bytes copied during GC
     196,705,024 bytes maximum residency (6 sample(s))
       3,839,232 bytes maximum slop
             187 MB total memory in use (0 MB lost due to fragmentation)

                                     Tot time (elapsed)  Avg pause  Max pause
  Gen  0        52 colls,     0 par    0.860s   0.858s     0.0165s    0.1025s
  Gen  1         6 colls,     0 par    0.455s   0.454s     0.0757s    0.1954s

  TASKS: 33 (1 bound, 32 peak workers (32 total), using -N8)

  SPARKS: 0(0 converted, 0 overflowed, 0 dud, 0 GC'd, 0 fizzled)

  INIT    time    0.002s  (  0.002s elapsed)
  MUT     time   37.907s  ( 15.342s elapsed)
  GC      time    1.315s  (  1.313s elapsed)
  EXIT    time    0.004s  (  0.005s elapsed)
  Total   time   39.227s  ( 16.662s elapsed)

  Alloc rate    1,590,748,036 bytes per MUT second

  Productivity  96.6% of total user, 92.1% of total elapsed

