bench-hist/upstream/ghcide --lsp --cwd bench/example/Cabal-3.0.0.0 +RTS -I0 -qg -A128M -SdocumentSymbols_after_edit.benchmark-gcStats -I0.5 
    Alloc    Copied     Live     GC     GC      TOT      TOT  Page Flts
    bytes     bytes     bytes   user   elap     user     elap
1065464744       120  18183832  0.034  0.034    0.665    5.183    0    0  (Gen:  0)
1056774392     13024  25982968  0.043  0.043    1.165    5.444    0    0  (Gen:  1)
1050983248      3472  27192080  0.013  0.013    1.731    5.543    0    0  (Gen:  0)
1054811344      3312  28462840  0.030  0.030    2.308    5.656    0    0  (Gen:  1)
1047290560      3552  29875960  0.005  0.005    2.935    5.756    0    0  (Gen:  0)
1050651584   2711624  31325768  0.005  0.005    3.563    5.857    0    0  (Gen:  0)
1050135632   2711744  32900176  0.005  0.005    4.199    5.956    0    0  (Gen:  0)
1049872536   2711904  34434720  0.005  0.005    4.824    6.063    0    0  (Gen:  0)
1050099896   2711808  35724824  0.005  0.005    5.463    6.161    0    0  (Gen:  0)
1054657568   2712144  37454664  0.005  0.005    6.109    6.262    0    0  (Gen:  0)
1046010560   2711960  39040224  0.006  0.006    6.733    6.369    0    0  (Gen:  0)
1047899552   2839224  40524624  0.006  0.006    7.360    6.471    0    0  (Gen:  0)
1046663424   2908336  41956384  0.005  0.005    7.968    6.579    0    0  (Gen:  0)
1049456592   2907704  43652200  0.006  0.006    8.620    6.681    0    0  (Gen:  0)
1050160544   2908120  45134920  0.006  0.006    9.272    6.787    0    0  (Gen:  0)
1045996424   2908808  46375952  0.007  0.007    9.928    6.903    0    0  (Gen:  0)
1051935936   2908432  47856448  0.006  0.006   10.562    7.009    0    0  (Gen:  0)
1046300088   2968288  50235448  0.005  0.005   11.212    7.112    0    0  (Gen:  0)
1049336576   2967768  52870360  0.006  0.006   11.866    7.219    0    0  (Gen:  0)
1055353592   2967736  52128632  0.059  0.059   12.590    7.376    0    0  (Gen:  1)
1046945576   2967368  54606736  0.006  0.006   13.177    7.468    0    0  (Gen:  0)
1046732400   2968496  56322568  0.007  0.007   13.749    7.571    0    0  (Gen:  0)
1050853680   2968128  59499472  0.009  0.009   14.335    7.674    0    0  (Gen:  0)
1049467104   2968912  60627544  0.005  0.005   14.915    7.767    0    0  (Gen:  0)
1046705104   2968728  63267248  0.007  0.007   15.496    7.866    0    0  (Gen:  0)
1047344320   2969248  65701592  0.007  0.007   16.076    7.963    0    0  (Gen:  0)
1048713368   4548600  68545048  0.008  0.008   16.638    8.066    0    0  (Gen:  0)
1047995136   4549216  71727496  0.007  0.007   17.220    8.163    0    0  (Gen:  0)
1046696432   4548488  75350800  0.008  0.008   17.798    8.260    0    0  (Gen:  0)
1046544352   4548520  76828296  0.008  0.008   18.379    8.361    0    0  (Gen:  0)
1052040896   4489064  79937160  0.008  0.008   18.966    8.461    0    0  (Gen:  0)
1049599880   4489464  82618296  0.009  0.009   19.556    8.562    0    0  (Gen:  0)
1052424624   4490024  87772016  0.014  0.014   20.175    8.679    0    0  (Gen:  0)
1046670712   4489368  89790304  0.009  0.009   20.771    8.782    0    0  (Gen:  0)
1049709208   4490976  94657000  0.012  0.012   21.367    8.891    0    0  (Gen:  0)
1046489016   4497352 108703944  0.043  0.042   22.199    9.156    0    0  (Gen:  0)
1098031176   4528848 175999120  0.123  0.123   23.510    9.759    0    0  (Gen:  0)
1127385528   4519512 161908432  0.180  0.180   24.738   10.111    0    0  (Gen:  1)
1080285064   4510384 198781688  0.089  0.089   25.701   10.416    0    0  (Gen:  0)
1072236656   4501496 232254880  0.120  0.120   26.801   10.679    0    0  (Gen:  0)
1084952184   4575736 272554680  0.145  0.145   27.778   10.986    0    0  (Gen:  0)
1098394768   4502656 318950328  0.171  0.171   28.834   11.339    0    0  (Gen:  0)
1078209328   4498472 365177200  0.131  0.130   29.951   11.627    0    0  (Gen:  0)
1085952472   4492824 338256256  0.386  0.386   31.200   12.209    0    0  (Gen:  1)
1036030736 208784928 501116488  0.315  0.315   31.858   12.864    0    0  (Gen:  0)
1053708816 208685032 556544968  0.242  0.242   32.560   13.496    0    0  (Gen:  0)
1077100408 208611256 576185440  0.105  0.105   33.539   13.855    0    0  (Gen:  0)
1077538344 208609640 578681160  0.050  0.050   34.480   14.118    0    0  (Gen:  0)
1060240240 208621304 603100368  0.094  0.094   35.210   14.685    0    0  (Gen:  0)
1077152664 208666496 625674840  0.095  0.095   36.216   15.040    0    0  (Gen:  0)
1074286384  62397992 640676896  0.092  0.092   37.151   15.290    0    0  (Gen:  0)
1064054248  62388032 253445840  0.272  0.272   38.181   15.820    0    0  (Gen:  1)
1066464064  62391120 255907288  0.040  0.040   38.882   16.262    0    0  (Gen:  0)
1064850184  62391096 264679080  0.041  0.041   40.122   17.109    0    0  (Gen:  0)
1062370760  62385128 276252632  0.033  0.033   41.497   18.037    0    0  (Gen:  0)
1059296016  62386040 298139624  0.053  0.053   42.695   18.676    0    0  (Gen:  0)
1058487104  62385320 316176688  0.053  0.053   43.573   18.976    0    0  (Gen:  0)
1049706256  24035856 316584400  0.032  0.032   44.170   19.122    0    0  (Gen:  0)
622137920  11895840  19942248  0.030  0.030   44.544   19.217    0    0  (Gen:  1)
     1152                      0.000  0.000

  62,023,659,072 bytes allocated in the heap
   1,866,296,040 bytes copied during GC
     338,256,256 bytes maximum residency (7 sample(s))
       4,036,912 bytes maximum slop
             322 MB total memory in use (0 MB lost due to fragmentation)

                                     Tot time (elapsed)  Avg pause  Max pause
  Gen  0        52 colls,     0 par    2.320s   2.318s     0.0446s    0.3145s
  Gen  1         7 colls,     0 par    1.001s   1.000s     0.1429s    0.3862s

  TASKS: 34 (1 bound, 33 peak workers (33 total), using -N8)

  SPARKS: 0(0 converted, 0 overflowed, 0 dud, 0 GC'd, 0 fizzled)

  INIT    time    0.002s  (  0.002s elapsed)
  MUT     time   41.217s  ( 15.898s elapsed)
  GC      time    3.321s  (  3.318s elapsed)
  EXIT    time    0.006s  (  0.004s elapsed)
  Total   time   44.546s  ( 19.222s elapsed)

  Alloc rate    1,504,794,692 bytes per MUT second

  Productivity  92.5% of total user, 82.7% of total elapsed

