bench-hist/upstream/ghcide --lsp --cwd bench/example/Cabal-3.0.0.0 +RTS -I0 -qg -A128M -Sedit.benchmark-gcStats -I0.5 
    Alloc    Copied     Live     GC     GC      TOT      TOT  Page Flts
    bytes     bytes     bytes   user   elap     user     elap
1065011040       120  18180512  0.034  0.034    0.666    5.113    0    0  (Gen:  0)
1049019032  21906472  25891720  0.041  0.041    1.167    5.382    0    0  (Gen:  1)
1047307544  21902000  26983432  0.014  0.014    1.780    5.490    0    0  (Gen:  0)
1053692256  21902880  28370968  0.027  0.027    2.361    5.605    0    0  (Gen:  1)
1047882568  21902144  29614208  0.005  0.005    2.913    5.692    0    0  (Gen:  0)
1054357176  21910752  31901168  0.006  0.006    3.471    5.786    0    0  (Gen:  0)
1051493072  21909176  33172424  0.006  0.006    4.035    5.880    0    0  (Gen:  0)
1054977368  21902792  34798896  0.006  0.005    4.602    5.970    0    0  (Gen:  0)
1053707272  21902104  36828208  0.004  0.004    5.180    6.057    0    0  (Gen:  0)
1049472800  21902608  37547496  0.005  0.005    5.746    6.147    0    0  (Gen:  0)
1046857672  21902864  39287184  0.006  0.006    6.315    6.240    0    0  (Gen:  0)
1049115656  21902816  40912064  0.005  0.005    6.883    6.332    0    0  (Gen:  0)
1049508000  21902200  42079488  0.005  0.005    7.446    6.423    0    0  (Gen:  0)
1044410040  21902536  43591096  0.005  0.005    8.017    6.511    0    0  (Gen:  0)
1046618784  21902496  45283200  0.006  0.006    8.566    6.605    0    0  (Gen:  0)
1051531728  21902552  47499920  0.005  0.005    9.135    6.698    0    0  (Gen:  0)
1050257608   2679952  49594416  0.005  0.005    9.702    6.787    0    0  (Gen:  0)
1051937640   2680992  50888560  0.006  0.006   10.280    6.881    0    0  (Gen:  0)
1052108040   2679736  52445568  0.006  0.006   10.856    6.971    0    0  (Gen:  0)
1056947880   2679672  51733480  0.056  0.055   11.479    7.116    0    0  (Gen:  1)
1050254176   2680352  54841696  0.006  0.006   12.060    7.208    0    0  (Gen:  0)
1052733536   2680224  56454328  0.008  0.008   12.639    7.307    0    0  (Gen:  0)
1055271352   2679904  58966072  0.007  0.007   13.228    7.402    0    0  (Gen:  0)
1051810496   3137288  60382224  0.006  0.006   13.818    7.494    0    0  (Gen:  0)
1048890280   6334544  65019664  0.013  0.013   14.402    7.606    0    0  (Gen:  0)
1049282456   6364712  78764824  0.021  0.021   15.021    7.721    0    0  (Gen:  0)
1051629792   6332728  80366056  0.012  0.012   15.604    7.822    0    0  (Gen:  0)
1047984200   6332712  82682320  0.010  0.009   16.210    7.918    0    0  (Gen:  0)
1053628384   4881152  87893328  0.009  0.009   16.805    8.017    0    0  (Gen:  0)
1050951592   4873088  91312440  0.008  0.008   17.387    8.119    0    0  (Gen:  0)
1046194616   4873072  92626376  0.007  0.007   17.973    8.216    0    0  (Gen:  0)
1047268440   4894976 104575464  0.022  0.022   18.601    8.338    0    0  (Gen:  0)
1052524528   4903776 126995256  0.041  0.041   19.271    8.480    0    0  (Gen:  0)
1054816288   4886704 118824024  0.120  0.120   20.006    8.700    0    0  (Gen:  1)
1046874304  10399768 122010120  0.015  0.015   20.601    8.805    0    0  (Gen:  0)
1053295896  10417000 142985768  0.045  0.045   21.552    9.116    0    0  (Gen:  0)
1057913952  10424608 166058144  0.051  0.051   22.853    9.516    0    0  (Gen:  0)
1056956888  10419504 217428624  0.102  0.102   24.310   10.276    0    0  (Gen:  0)
1058612704  10394640 226233440  0.073  0.073   25.419   10.780    0    0  (Gen:  0)
1055500872  10393472 241369928  0.052  0.051   26.655   11.571    0    0  (Gen:  0)
1056360928  10393368 233951832  0.034  0.034   27.756   12.258    0    0  (Gen:  0)
1054633440  10393416 231611680  0.030  0.030   29.003   13.042    0    0  (Gen:  0)
1056375048  10393464 232524784  0.035  0.035   30.159   13.767    0    0  (Gen:  0)
1066443792  10393632 223990008  0.019  0.019   31.366   14.525    0    0  (Gen:  0)
1055590728  22018368 234380408  0.037  0.037   32.552   15.283    0    0  (Gen:  0)
1058880648  22018408 221701136  0.018  0.018   33.710   16.005    0    0  (Gen:  0)
1050971392  22018432 242997408  0.047  0.047   35.012   16.839    0    0  (Gen:  0)
1056554624  22018448 236312064  0.041  0.041   36.176   17.563    0    0  (Gen:  0)
1048976216  22018504 229200336  0.025  0.025   37.402   18.323    0    0  (Gen:  0)
1055807496  22017928 195643040  0.207  0.207   38.749   19.239    0    0  (Gen:  1)
1051308288  22017992 182731984  0.017  0.017   39.793   19.891    0    0  (Gen:  0)
1051461920  22018008 196614880  0.037  0.037   40.934   20.644    0    0  (Gen:  0)
1054221872  24671224 198867344  0.039  0.039   41.950   21.282    0    0  (Gen:  0)
1047779368  24671280 197122064  0.036  0.036   43.043   22.013    0    0  (Gen:  0)
1052158880  24671296 197936240  0.040  0.040   44.130   22.733    0    0  (Gen:  0)
1054885072  24671336 190900296  0.023  0.023   45.194   23.404    0    0  (Gen:  0)
1054874032  24673600 198521296  0.037  0.037   46.269   24.109    0    0  (Gen:  0)
1052969544  24671448 202184096  0.038  0.038   47.263   24.719    0    0  (Gen:  0)
1054929136  24671480 197618464  0.031  0.031   48.372   25.435    0    0  (Gen:  0)
1052402264  21129120 199194864  0.036  0.036   49.458   26.150    0    0  (Gen:  0)
1059948048  21129184 190713320  0.020  0.020   50.526   26.838    0    0  (Gen:  0)
1060722008  21130856 200233888  0.036  0.036   51.614   27.546    0    0  (Gen:  0)
1062210400  21129304 188272528  0.018  0.018   52.642   28.208    0    0  (Gen:  0)
1060173296  21129336 209452640  0.047  0.047   53.793   28.967    0    0  (Gen:  0)
1050125752  21129368 202134072  0.040  0.040   54.817   29.619    0    0  (Gen:  0)
1050099488  21129464 197975920  0.028  0.028   55.937   30.375    0    0  (Gen:  0)
1059228728  21129520 200042824  0.034  0.034   57.008   31.083    0    0  (Gen:  0)
1053588376  10253232 190427096  0.018  0.018   58.157   31.827    0    0  (Gen:  0)
1055524280  10253208 203227504  0.037  0.037   59.229   32.514    0    0  (Gen:  0)
1056591072  10253240 189486920  0.017  0.017   60.305   33.210    0    0  (Gen:  0)
1049241600  10253256 213188056  0.050  0.050   61.421   33.963    0    0  (Gen:  0)
1058906816  10253264 204032864  0.037  0.037   62.480   34.639    0    0  (Gen:  0)
1053997336  10253320 203582744  0.035  0.035   63.614   35.387    0    0  (Gen:  0)
1051936720  10253376 204074000  0.039  0.039   64.684   36.081    0    0  (Gen:  0)
1062330696  10253432 199252888  0.027  0.027   65.787   36.808    0    0  (Gen:  0)
1057860192  10253464 201740112  0.034  0.034   66.860   37.507    0    0  (Gen:  0)
1053934312  10253480 199090568  0.028  0.028   67.967   38.244    0    0  (Gen:  0)
1053601416  10253544 204679856  0.037  0.037   69.011   38.909    0    0  (Gen:  0)
1053094696  10253632 193790272  0.022  0.022   70.027   39.554    0    0  (Gen:  0)
1054220240  10253648 208785568  0.040  0.040   71.148   40.293    0    0  (Gen:  0)
1055909496  10253648 204271528  0.036  0.036   72.198   40.953    0    0  (Gen:  0)
1051082856  10253672 196049912  0.022  0.022   73.304   41.664    0    0  (Gen:  0)
1053026112  10253680 207013200  0.039  0.039   74.421   42.383    0    0  (Gen:  0)
1060453216  10253680 210679528  0.043  0.043   75.430   43.009    0    0  (Gen:  0)
1054997144  10253688 202748696  0.030  0.030   76.554   43.743    0    0  (Gen:  0)
1054117688  10253736 205638152  0.037  0.037   77.609   44.420    0    0  (Gen:  0)
1055178224  10253808 193566888  0.018  0.018   78.682   45.111    0    0  (Gen:  0)
1051659624  10253792 208318400  0.038  0.038   79.706   45.745    0    0  (Gen:  0)
1057788968  10253784 207593512  0.040  0.040   80.791   46.451    0    0  (Gen:  0)
1052575136   9810528 194926000  0.018  0.018   81.867   47.136    0    0  (Gen:  0)
1049753368  22653872 208022408  0.038  0.038   83.028   47.906    0    0  (Gen:  0)
1063114232  22652312 194135544  0.016  0.016   84.010   48.506    0    0  (Gen:  0)
1056072928  22652352 212874936  0.042  0.042   85.160   49.285    0    0  (Gen:  0)
1054313504  22652424 210416096  0.042  0.042   86.217   49.966    0    0  (Gen:  0)
1052978328  22652496 197297832  0.019  0.019   87.256   50.608    0    0  (Gen:  0)
1055417152  22605960 209536056  0.038  0.038   88.341   51.311    0    0  (Gen:  0)
1055038184  22602944 199505864  0.021  0.021   89.369   51.968    0    0  (Gen:  0)
1058929560  22602976 218703712  0.048  0.048   90.545   52.759    0    0  (Gen:  0)
1050700224  26050664 214302328  0.042  0.042   91.566   53.408    0    0  (Gen:  0)
1055161792  26050704 211945280  0.037  0.037   92.713   54.170    0    0  (Gen:  0)
1061919576  26052120 209486048  0.033  0.033   93.809   54.868    0    0  (Gen:  0)
1058192112  26050800 207899728  0.028  0.028   94.949   55.625    0    0  (Gen:  0)
1055472680  26050832 212003672  0.037  0.037   96.019   56.323    0    0  (Gen:  0)
1055503808  26050960 199881136  0.017  0.017   97.141   57.029    0    0  (Gen:  0)
1052428696  26050896 212958448  0.037  0.037   98.255   57.749    0    0  (Gen:  0)
1052506024  26050976 215037712  0.039  0.039   99.264   58.383    0    0  (Gen:  0)
1052714304  26050960 205653304  0.023  0.023  100.337   59.055    0    0  (Gen:  0)
1054430800  26050968 213717872  0.037  0.037  101.427   59.743    0    0  (Gen:  0)
1053625744  26051000 219551392  0.044  0.044  102.454   60.374    0    0  (Gen:  0)
1051921128  26052464 223957336  0.036  0.036  103.073   60.526    0    0  (Gen:  0)
1045960016  26051848 224853480  0.023  0.023  103.710   60.663    0    0  (Gen:  0)
1048071664  26051848 223486320  0.020  0.020  104.328   60.796    0    0  (Gen:  0)
1050663752  26051816 224765208  0.023  0.023  104.957   60.934    0    0  (Gen:  0)
1052417568  26051816 226133544  0.025  0.025  105.588   61.071    0    0  (Gen:  0)
1047321576  26051848 224595312  0.022  0.022  106.226   61.208    0    0  (Gen:  0)
1042601448  26051776 227872392  0.028  0.028  106.845   61.346    0    0  (Gen:  0)
729926352  26048368  16123640  0.016  0.016  107.264   61.439    0    0  (Gen:  1)
     1152                      0.000  0.000

 122,937,474,224 bytes allocated in the heap
   1,938,474,984 bytes copied during GC
     195,643,040 bytes maximum residency (6 sample(s))
       3,082,592 bytes maximum slop
             186 MB total memory in use (0 MB lost due to fragmentation)

                                     Tot time (elapsed)  Avg pause  Max pause
  Gen  0       111 colls,     0 par    3.034s   3.031s     0.0273s    0.1015s
  Gen  1         6 colls,     0 par    0.467s   0.466s     0.0777s    0.2068s

  TASKS: 34 (1 bound, 33 peak workers (33 total), using -N8)

  SPARKS: 0(0 converted, 0 overflowed, 0 dud, 0 GC'd, 0 fizzled)

  INIT    time    0.002s  (  0.002s elapsed)
  MUT     time  103.761s  ( 57.941s elapsed)
  GC      time    3.501s  (  3.497s elapsed)
  EXIT    time    0.003s  (  0.002s elapsed)
  Total   time  107.267s  ( 61.441s elapsed)

  Alloc rate    1,184,818,756 bytes per MUT second

  Productivity  96.7% of total user, 94.3% of total elapsed

