bench-hist/upstream/ghcide --lsp --cwd bench/example/Cabal-3.0.0.0 +RTS -I0 -qg -A128M -SgetDefinition.benchmark-gcStats -I0.5 
    Alloc    Copied     Live     GC     GC      TOT      TOT  Page Flts
    bytes     bytes     bytes   user   elap     user     elap
1063255024       120  18176384  0.034  0.034    0.669    5.187    0    0  (Gen:  0)
1054989912  21829200  25813488  0.042  0.042    1.163    5.449    0    0  (Gen:  1)
1055904784  21819312  27147480  0.011  0.011    1.715    5.546    0    0  (Gen:  0)
1050491976  21819952  28148480  0.026  0.026    2.299    5.654    0    0  (Gen:  1)
1053361536  21819328  30352336  0.005  0.005    2.885    5.744    0    0  (Gen:  0)
1054836072  21820320  30701648  0.005  0.005    3.462    5.844    0    0  (Gen:  0)
1049526832  21819464  32078256  0.005  0.005    4.035    5.933    0    0  (Gen:  0)
1046456712  21819304  33556808  0.005  0.005    4.618    6.023    0    0  (Gen:  0)
1051152208  21819840  35118616  0.005  0.005    5.201    6.117    0    0  (Gen:  0)
1047124208  21820256  36723352  0.005  0.005    5.783    6.212    0    0  (Gen:  0)
1052435928  21819904  38908008  0.005  0.005    6.384    6.308    0    0  (Gen:  0)
1044926936  21819680  39701976  0.005  0.005    6.977    6.402    0    0  (Gen:  0)
1046152232  21820000  42347696  0.005  0.005    7.562    6.495    0    0  (Gen:  0)
1052151208  21819792  42334112  0.006  0.005    8.137    6.593    0    0  (Gen:  0)
1050441712  21820040  44065720  0.006  0.006    8.722    6.689    0    0  (Gen:  0)
1046794200  21820112  45955624  0.006  0.006    9.325    6.782    0    0  (Gen:  0)
1052364320  21820600  47745160  0.007  0.007    9.931    6.880    0    0  (Gen:  0)
1051536128  21820208  49294184  0.006  0.006   10.528    6.978    0    0  (Gen:  0)
1044478256  21820000  51334624  0.005  0.005   11.114    7.069    0    0  (Gen:  0)
1044152880  21819464  53095656  0.054  0.054   11.746    7.208    0    0  (Gen:  1)
1050592328  21819536  53964080  0.006  0.006   12.325    7.299    0    0  (Gen:  0)
1050578312  21820600  56581152  0.006  0.006   12.897    7.394    0    0  (Gen:  0)
1044620072   3567496  56709992  0.006  0.006   13.469    7.490    0    0  (Gen:  0)
1050871632   3568616  59308152  0.008  0.008   14.044    7.592    0    0  (Gen:  0)
1050886608   3581504  61418936  0.008  0.008   14.624    7.695    0    0  (Gen:  0)
1046003848   3566992  64922392  0.006  0.006   15.211    7.789    0    0  (Gen:  0)
1051670000   3566496  66852400  0.007  0.007   15.792    7.884    0    0  (Gen:  0)
1051165272   3567216  70466104  0.008  0.008   16.372    7.987    0    0  (Gen:  0)
1045394344   3590424  75387520  0.013  0.013   16.977    8.096    0    0  (Gen:  0)
1043576288   3572064  77909600  0.011  0.011   17.563    8.193    0    0  (Gen:  0)
1048870616   3567752  81083760  0.010  0.010   18.144    8.296    0    0  (Gen:  0)
1047876792   3580120  89173440  0.014  0.014   18.763    8.414    0    0  (Gen:  0)
1053408096   3576000  92266008  0.011  0.011   19.352    8.525    0    0  (Gen:  0)
1047213080   3577656  97541096  0.015  0.015   19.963    8.637    0    0  (Gen:  0)
1051788768   3591368 107418896  0.024  0.024   20.594    8.765    0    0  (Gen:  0)
1045640352   3579376 100758400  0.124  0.124   21.607    9.136    0    0  (Gen:  1)
1073609080   3612192 163109120  0.086  0.086   23.352    9.711    0    0  (Gen:  0)
1048623312   3589104 211809776  0.144  0.144   24.536   10.182    0    0  (Gen:  0)
1050545088   3566880 209712688  0.056  0.056   25.194   10.351    0    0  (Gen:  0)
1053916520   3566256 198785080  0.198  0.197   25.990   10.661    0    0  (Gen:  1)
1047476448   3566768 199802472  0.027  0.027   26.613   10.799    0    0  (Gen:  0)
1053523504   3566776 198664512  0.026  0.026   27.242   10.937    0    0  (Gen:  0)
1056876952   3566736 200230584  0.028  0.028   27.872   11.076    0    0  (Gen:  0)
1057441008   3566776 199308440  0.027  0.027   28.518   11.216    0    0  (Gen:  0)
1043999040   3566792 197868672  0.024  0.024   29.134   11.353    0    0  (Gen:  0)
1047714080   3566752 198965840  0.025  0.025   29.747   11.492    0    0  (Gen:  0)
1045711896   3566760 199969960  0.027  0.027   30.348   11.631    0    0  (Gen:  0)
1111873424  28570072 214311232  0.039  0.039   30.827   12.032    0    0  (Gen:  0)
196513304 168969432 199972848  0.157  0.157   31.062   12.778    0    0  (Gen:  1)
   143384  10594736  16018024  0.043  0.043   31.109   13.249    0    0  (Gen:  1)
     1352                      0.000  0.000

  50,680,657,864 bytes allocated in the heap
     755,716,144 bytes copied during GC
     199,972,848 bytes maximum residency (7 sample(s))
       2,938,896 bytes maximum slop
             190 MB total memory in use (0 MB lost due to fragmentation)

                                     Tot time (elapsed)  Avg pause  Max pause
  Gen  0        43 colls,     0 par    0.788s   0.786s     0.0183s    0.1436s
  Gen  1         7 colls,     0 par    0.643s   0.643s     0.0918s    0.1973s

  TASKS: 33 (1 bound, 32 peak workers (32 total), using -N8)

  SPARKS: 0(0 converted, 0 overflowed, 0 dud, 0 GC'd, 0 fizzled)

  INIT    time    0.002s  (  0.002s elapsed)
  MUT     time   29.675s  ( 11.818s elapsed)
  GC      time    1.431s  (  1.429s elapsed)
  EXIT    time    0.004s  (  0.003s elapsed)
  Total   time   31.112s  ( 13.252s elapsed)

  Alloc rate    1,707,847,595 bytes per MUT second

  Productivity  95.4% of total user, 89.2% of total elapsed

