bench-hist/upstream/ghcide --lsp --cwd bench/example/Cabal-3.0.0.0 +RTS -I0 -qg -A128M -Shover_after_edit.benchmark-gcStats -I0.5 
    Alloc    Copied     Live     GC     GC      TOT      TOT  Page Flts
    bytes     bytes     bytes   user   elap     user     elap
1065048192       120  18187984  0.036  0.036    0.674    5.243    0    0  (Gen:  0)
1054435512      7496  25959104  0.041  0.041    1.168    5.508    0    0  (Gen:  1)
1045616456      3648  27032736  0.013  0.013    1.775    5.612    0    0  (Gen:  0)
1050230456  23890080  28281472  0.027  0.027    2.363    5.722    0    0  (Gen:  1)
1053562880  23889832  30012968  0.005  0.005    2.955    5.818    0    0  (Gen:  0)
1054154784  23889776  31142784  0.005  0.005    3.565    5.912    0    0  (Gen:  0)
1051107192  23889848  33544048  0.005  0.005    4.186    6.005    0    0  (Gen:  0)
1050694456  23890216  35055432  0.005  0.005    4.805    6.100    0    0  (Gen:  0)
1048548640  23889672  36523808  0.005  0.005    5.418    6.198    0    0  (Gen:  0)
1050794720   2702000  37918416  0.005  0.005    6.015    6.295    0    0  (Gen:  0)
1052350360   2702880  39718856  0.006  0.006    6.624    6.399    0    0  (Gen:  0)
1051538704   2723912  45798328  0.012  0.012    7.271    6.503    0    0  (Gen:  0)
1054226608   2702024  47308736  0.009  0.009    7.906    6.604    0    0  (Gen:  0)
1042941736   2702960  49654368  0.006  0.006    8.506    6.703    0    0  (Gen:  0)
1049875944   2702768  49874160  0.006  0.006    9.101    6.810    0    0  (Gen:  0)
1051752840   3376464  52176616  0.006  0.006    9.707    6.911    0    0  (Gen:  0)
1048322680   2901792  53348368  0.005  0.005   10.321    7.008    0    0  (Gen:  0)
1049669960   2901720  51259344  0.055  0.055   10.986    7.154    0    0  (Gen:  1)
1057265168   2902184  53207560  0.006  0.006   11.566    7.250    0    0  (Gen:  0)
1051813080   2902464  54904664  0.006  0.006   12.151    7.343    0    0  (Gen:  0)
1046121048   3411688  55961832  0.006  0.006   12.711    7.440    0    0  (Gen:  0)
1052279056   3412280  58748216  0.008  0.008   13.306    7.547    0    0  (Gen:  0)
1052830648   3410896  60048408  0.006  0.006   13.888    7.638    0    0  (Gen:  0)
1050666344   3412712  62509688  0.006  0.006   14.467    7.731    0    0  (Gen:  0)
1052913888   3431464  67944480  0.013  0.013   15.071    7.844    0    0  (Gen:  0)
1053147280   6776320  70021688  0.009  0.009   15.647    7.947    0    0  (Gen:  0)
1051687320   6776576  77833920  0.012  0.012   16.228    8.055    0    0  (Gen:  0)
1049502736   6778856  79296888  0.006  0.006   16.802    8.152    0    0  (Gen:  0)
1048535808   6781568  82002656  0.007  0.007   17.394    8.251    0    0  (Gen:  0)
1056338128   6777112  83614784  0.009  0.009   17.985    8.349    0    0  (Gen:  0)
1045240888   6782112  87791256  0.008  0.008   18.570    8.446    0    0  (Gen:  0)
1051250208   6775800  91386776  0.009  0.009   19.179    8.544    0    0  (Gen:  0)
1054772032   6799552 100518872  0.017  0.017   19.783    8.661    0    0  (Gen:  0)
1050884376   6782280 107715528  0.021  0.021   20.397    8.778    0    0  (Gen:  0)
1057950272   6800416  98004832  0.104  0.104   21.102    8.984    0    0  (Gen:  1)
1065767992   6816544 131315416  0.058  0.058   21.959    9.246    0    0  (Gen:  0)
1067846856   6813192 170893600  0.086  0.086   23.666    9.851    0    0  (Gen:  0)
1057011088   6799640 215919040  0.116  0.116   25.254   10.659    0    0  (Gen:  0)
1054114112  68134480 238802680  0.086  0.086   26.307   11.087    0    0  (Gen:  0)
1050094544  68135152 216387384  0.226  0.225   27.147   11.418    0    0  (Gen:  1)
1049160200  36380248 231935936  0.048  0.048   27.800   11.574    0    0  (Gen:  0)
1051036440  36380288 230664128  0.031  0.031   28.358   11.716    0    0  (Gen:  0)
1046844832  36380256 229220608  0.022  0.022   28.949   11.850    0    0  (Gen:  0)
1048369688  36380224 230296784  0.023  0.023   29.559   11.985    0    0  (Gen:  0)
1072891200  36380384 236205736  0.029  0.029   30.354   12.224    0    0  (Gen:  0)
1045743544  36380544 245769000  0.046  0.046   31.258   12.672    0    0  (Gen:  0)
1053129288  36380656 260932568  0.052  0.052   31.948   12.831    0    0  (Gen:  0)
1048029360  36383160 264014816  0.033  0.033   32.578   12.976    0    0  (Gen:  0)
1047233288  36382480 265006864  0.024  0.024   33.178   13.114    0    0  (Gen:  0)
1042580056  36382032 265797328  0.025  0.025   33.773   13.250    0    0  (Gen:  0)
 33341296  10576400  16103704  0.050  0.050   33.844   13.398    0    0  (Gen:  1)
     1152                      0.000  0.000

  52,641,265,336 bytes allocated in the heap
     790,567,168 bytes copied during GC
     216,387,384 bytes maximum residency (6 sample(s))
       3,113,160 bytes maximum slop
             206 MB total memory in use (0 MB lost due to fragmentation)

                                     Tot time (elapsed)  Avg pause  Max pause
  Gen  0        45 colls,     0 par    0.956s   0.955s     0.0212s    0.1156s
  Gen  1         6 colls,     0 par    0.504s   0.503s     0.0838s    0.2255s

  TASKS: 34 (1 bound, 33 peak workers (33 total), using -N8)

  SPARKS: 0(0 converted, 0 overflowed, 0 dud, 0 GC'd, 0 fizzled)

  INIT    time    0.002s  (  0.002s elapsed)
  MUT     time   32.382s  ( 11.939s elapsed)
  GC      time    1.460s  (  1.458s elapsed)
  EXIT    time    0.007s  (  0.004s elapsed)
  Total   time   33.849s  ( 13.402s elapsed)

  Alloc rate    1,625,655,563 bytes per MUT second

  Productivity  95.7% of total user, 89.1% of total elapsed

