bench-hist/upstream/ghcide --lsp --cwd bench/example/Cabal-3.0.0.0 +RTS -I0 -qg -A128M -Shover.benchmark-gcStats -I0.5 
    Alloc    Copied     Live     GC     GC      TOT      TOT  Page Flts
    bytes     bytes     bytes   user   elap     user     elap
1065446184       120  18191856  0.034  0.034    0.660    5.081    0    0  (Gen:  0)
1046633760     13072  25811392  0.040  0.040    1.164    5.342    0    0  (Gen:  1)
1052311176      3144  26966384  0.011  0.011    1.726    5.439    0    0  (Gen:  0)
1052577688      4080  28155984  0.027  0.027    2.295    5.554    0    0  (Gen:  1)
1049797776      3064  29581408  0.005  0.005    2.856    5.641    0    0  (Gen:  0)
1046502744      3680  31162472  0.005  0.005    3.422    5.729    0    0  (Gen:  0)
1049607008   2583360  33277184  0.005  0.005    3.991    5.815    0    0  (Gen:  0)
1049894944   2584408  34986456  0.005  0.005    4.528    5.912    0    0  (Gen:  0)
1047038336   2582912  36109760  0.005  0.005    5.092    6.001    0    0  (Gen:  0)
1051830896   2583600  37859336  0.005  0.005    5.661    6.091    0    0  (Gen:  0)
1046583808   2583272  39159624  0.005  0.005    6.217    6.185    0    0  (Gen:  0)
1050241528   2583296  40788672  0.006  0.006    6.795    6.275    0    0  (Gen:  0)
1050593816   2583248  42379432  0.006  0.006    7.371    6.368    0    0  (Gen:  0)
1050687488   2583128  43815824  0.005  0.005    7.944    6.458    0    0  (Gen:  0)
1049104568   2583368  45399976  0.006  0.006    8.526    6.549    0    0  (Gen:  0)
1051010216   2584464  46497704  0.009  0.009    9.110    6.647    0    0  (Gen:  0)
1051621720   2584288  48834488  0.006  0.006    9.672    6.745    0    0  (Gen:  0)
1053528616   2608096  57344088  0.013  0.013   10.240    6.849    0    0  (Gen:  0)
1050788448   2602552  60635240  0.014  0.014   10.849    6.952    0    0  (Gen:  0)
1043984664   2583664  57445184  0.057  0.057   11.477    7.096    0    0  (Gen:  1)
1048221688   2583976  59420576  0.006  0.006   12.056    7.194    0    0  (Gen:  0)
1053402640   2582928  60861888  0.005  0.005   12.648    7.285    0    0  (Gen:  0)
1044576440   2588032  62430904  0.006  0.006   13.223    7.383    0    0  (Gen:  0)
1048583768   2583608  64601544  0.011  0.011   13.805    7.485    0    0  (Gen:  0)
1045750808   2583240  67230032  0.005  0.005   14.376    7.576    0    0  (Gen:  0)
1057224896   2726800  69612648  0.006  0.006   14.962    7.669    0    0  (Gen:  0)
1045217040   2731472  71963432  0.007  0.007   15.529    7.771    0    0  (Gen:  0)
1053291320   2732664  74512248  0.008  0.008   16.114    7.869    0    0  (Gen:  0)
1045045936   5937232  78001224  0.010  0.010   16.694    7.971    0    0  (Gen:  0)
1055444472  13929656  92367936  0.022  0.022   17.296    8.102    0    0  (Gen:  0)
1053706728  13929472 114441768  0.041  0.041   17.968    8.241    0    0  (Gen:  0)
1049848056  13903320 116828216  0.019  0.019   18.558    8.351    0    0  (Gen:  0)
1053424496  91393656 114653384  0.113  0.113   19.298    8.578    0    0  (Gen:  1)
1054509728  91390472 118535312  0.014  0.014   19.907    8.679    0    0  (Gen:  0)
1053554648  91390640 126562576  0.014  0.014   20.536    8.796    0    0  (Gen:  0)
1056625680  91414344 149578920  0.041  0.041   21.415    9.046    0    0  (Gen:  0)
1056876816  91403208 163959072  0.048  0.048   22.835    9.544    0    0  (Gen:  0)
1064428272  91403896 214531440  0.096  0.096   23.838    9.928    0    0  (Gen:  0)
1051022256  91384096 214954352  0.060  0.060   24.459   10.097    0    0  (Gen:  0)
1057747408  91383664 216653824  0.030  0.030   25.052   10.237    0    0  (Gen:  0)
1052165816  17491544 215457344  0.029  0.029   25.652   10.376    0    0  (Gen:  0)
1053562008  17491496 214290880  0.026  0.026   26.267   10.513    0    0  (Gen:  0)
1054120688  17491456 215796784  0.029  0.029   26.893   10.654    0    0  (Gen:  0)
1049787640  17491496 214408232  0.027  0.027   27.522   10.792    0    0  (Gen:  0)
1052947512  17491456 215925920  0.028  0.028   28.160   10.933    0    0  (Gen:  0)
1043929760  17491496 214397056  0.025  0.025   28.771   11.070    0    0  (Gen:  0)
1050562512  17491512 213111288  0.023  0.023   29.371   11.205    0    0  (Gen:  0)
489661576 168475856 199490976  0.216  0.216   29.811   12.168    0    0  (Gen:  1)
   140344  10575848  15988792  0.040  0.040   29.854   12.545    0    0  (Gen:  1)
     1600                      0.000  0.000

  49,905,167,936 bytes allocated in the heap
   1,137,709,352 bytes copied during GC
     199,490,976 bytes maximum residency (6 sample(s))
       2,855,520 bytes maximum slop
             190 MB total memory in use (0 MB lost due to fragmentation)

                                     Tot time (elapsed)  Avg pause  Max pause
  Gen  0        43 colls,     0 par    0.782s   0.781s     0.0182s    0.0957s
  Gen  1         6 colls,     0 par    0.492s   0.492s     0.0820s    0.2159s

  TASKS: 35 (1 bound, 33 peak workers (34 total), using -N8)

  SPARKS: 0(0 converted, 0 overflowed, 0 dud, 0 GC'd, 0 fizzled)

  INIT    time    0.002s  (  0.002s elapsed)
  MUT     time   28.576s  ( 11.271s elapsed)
  GC      time    1.275s  (  1.273s elapsed)
  EXIT    time    0.004s  (  0.006s elapsed)
  Total   time   29.857s  ( 12.551s elapsed)

  Alloc rate    1,746,380,576 bytes per MUT second

  Productivity  95.7% of total user, 89.8% of total elapsed

